Hitachi Optimizing Linkage Editor (Ver. 7.1.03.000)14-Nov-2021 01:50:42

*** Options ***

-subcommand=C:\Users\leofa\AppData\Local\Temp\hmkAEF9.tmp
noprelink
sdebug
rom D=R
nomessage
list "C:\Users\leofa\OneDrive\Documents\PycharmProjects\Particule-Casio\Glacial Project\Temp\Compile\Debug\FXADDINror.map"
show symbol
nooptimize
start P_TOP,P,C,D,C$VTBL,C$INIT/0300200,B_BR_Size,B,R/08100000
fsymbol P
nologo
input "C:\Users\leofa\OneDrive\Documents\PycharmProjects\Particule-Casio\Glacial Project\Temp\Compile\Debug\MonochromeLib.obj" "C:\Users\leofa\OneDrive\Documents\PycharmProjects\Particule-Casio\Glacial Project\Temp\Compile\Debug\time.obj" "C:\Users\leofa\OneDrive\Documents\PycharmProjects\Particule-Casio\Glacial Project\Temp\Compile\Debug\Tutoriel.obj" "C:\Users\leofa\OneDrive\Documents\PycharmProjects\Particule-Casio\Glacial Project\Temp\Compile\Debug\usefull.obj" "C:\Users\leofa\OneDrive\Documents\PycharmProjects\Particule-Casio\Glacial Project\Temp\Compile\Debug\ParticuleEngine.obj"
input "C:\Users\leofa\Applications\CASIO\fx9860 Dev Kit\OS\FX\lib\setup.obj"
library "C:\Users\leofa\Applications\CASIO\fx9860 Dev Kit\OS\FX\lib\fx9860G_library.lib"
output "C:\Users\leofa\OneDrive\Documents\PycharmProjects\Particule-Casio\Glacial Project\Temp\Compile\Debug\FXADDINror.abs"
-nomessage=1100
end

*** Error information ***

*** Mapping List ***

SECTION                            START      END         SIZE   ALIGN

P_TOP
                                  00300200  0030020b         c   4
P
                                  0030020c  0030e32d      e122   4
C
                                  0030e330  003136ab      537c   4
D
                                  003136ac  00313f93       8e8   4
C$VTBL
                                  00313f94  003155a7      1614   4
B_BR_Size
                                  08100000  08100003         4   4
B
                                  08100004  0810002b        28   4
R
                                  0810002c  08100913       8e8   4

*** Symbol List ***

SECTION=
FILE=                               START        END    SIZE
  SYMBOL                            ADDR        SIZE    INFO      COUNTS  OPT

SECTION=P_TOP
FILE=C:\Users\leofa\OneDrive\Documents\PycharmProjects\Particule-Casio\Glacial Project\Temp\Compile\Debug\Tutoriel.obj
                                  00300200  0030020b         c
  _InitializeSystem
                                  00300200         c   func ,g         * 

SECTION=P
FILE=C:\Users\leofa\OneDrive\Documents\PycharmProjects\Particule-Casio\Glacial Project\Temp\Compile\Debug\MonochromeLib.obj
                                  0030020c  00302d27      2b1c
  _ML_clear_vram
                                  0030020c        5e   func ,g         * 
  _ML_clear_screen
                                  0030026a        3a   func ,g         * 
  _ML_display_vram
                                  003002a4        4c   func ,g         * 
  _ML_set_contrast
                                  003002f0         c   func ,g         * 
  _ML_get_contrast
                                  003002fc        1c   func ,g         * 
  _ML_pixel
                                  00300318        8e   func ,g         * 
  _ML_point
                                  003003a6        6e   func ,g         * 
  _ML_pixel_test
                                  00300414        6a   func ,g         * 
  _ML_line
                                  0030047e        da   func ,g         * 
  _ML_horizontal_line
                                  00300558       2ae   func ,g         * 
  _ML_vertical_line
                                  00300806       13a   func ,g         * 
  _ML_rectangle
                                  00300940        fc   func ,g         * 
  _ML_polygon
                                  00300a3c        74   func ,g         * 
  _ML_filled_polygon_quicksord_partition
                                  00300ab0        62   func ,l         * 
  _ML_filled_polygon_quicksord
                                  00300b12        3e   func ,l         * 
  _ML_filled_polygon
                                  00300b50       260   func ,g         * 
  _ML_circle
                                  00300db0        f2   func ,g         * 
  _ML_filled_circle
                                  00300ea2        b2   func ,g         * 
  _ML_ellipse
                                  00300f54       2b2   func ,g         * 
  _ML_ellipse_in_rect
                                  00301206        58   func ,g         * 
  _ML_filled_ellipse
                                  0030125e       2bc   func ,g         * 
  _ML_filled_ellipse_in_rect
                                  0030151a        58   func ,g         * 
  _ML_horizontal_scroll
                                  00301572       138   func ,g         * 
  _ML_vertical_scroll
                                  003016aa        92   func ,g         * 
  _ML_bmp_or
                                  0030173c       166   func ,g         * 
  _ML_bmp_and
                                  003018a2       176   func ,g         * 
  _ML_bmp_xor
                                  00301a18       164   func ,g         * 
  _ML_bmp_or_cl
                                  00301b7c       24e   func ,g         * 
  _ML_bmp_and_cl
                                  00301dca       25a   func ,g         * 
  _ML_bmp_xor_cl
                                  00302024       24e   func ,g         * 
  _ML_bmp_8_or
                                  00302272        bc   func ,g         * 
  _ML_bmp_8_and
                                  0030232e        c6   func ,g         * 
  _ML_bmp_8_xor
                                  003023f4        be   func ,g         * 
  _ML_bmp_8_or_cl
                                  003024b2        ee   func ,g         * 
  _ML_bmp_8_and_cl
                                  003025a0        ee   func ,g         * 
  _ML_bmp_8_xor_cl
                                  0030268e        ee   func ,g         * 
  _ML_bmp_16_or
                                  0030277c        ca   func ,g         * 
  _ML_bmp_16_and
                                  00302846        ce   func ,g         * 
  _ML_bmp_16_xor
                                  00302914        d0   func ,g         * 
  _ML_bmp_16_or_cl
                                  003029e4       112   func ,g         * 
  _ML_bmp_16_and_cl
                                  00302af6       11a   func ,g         * 
  _ML_bmp_16_xor_cl
                                  00302c10       118   func ,g         * 
FILE=C:\Users\leofa\OneDrive\Documents\PycharmProjects\Particule-Casio\Glacial Project\Temp\Compile\Debug\time.obj
                                  00302d28  00302d47        20
  _getTicks
                                  00302d28        20   func ,g         * 
FILE=C:\Users\leofa\OneDrive\Documents\PycharmProjects\Particule-Casio\Glacial Project\Temp\Compile\Debug\Tutoriel.obj
                                  00302d48  00303383       63c
  _main
                                  00302d48       144   func ,g         * 
  _AddIn_main
                                  00302e38        54   func ,g         * 
  SceneManager::_$LoadTextures()
                                  00302e8c       4f8   func ,l         * 
FILE=C:\Users\leofa\OneDrive\Documents\PycharmProjects\Particule-Casio\Glacial Project\Temp\Compile\Debug\usefull.obj
                                  00303384  003035af       22c
  _OSVersionAsInt
                                  00303384        3a   func ,g         * 
  _GetKeyMod
                                  003033be        3e   func ,g         * 
  ___T28918380$254
                                  003033ee         0   none ,l         * 
  _delay
                                  003033fc        10   func ,g         * 
  _CheckKeyRow
                                  0030340c        f0   func ,g         * 
  _KeyDown
                                  003034fc        b4   func ,g         * 
FILE=C:\Users\leofa\OneDrive\Documents\PycharmProjects\Particule-Casio\Glacial Project\Temp\Compile\Debug\ParticuleEngine.obj
                                  003035b0  0030a437      6e88
  Random(int, int)
                                  003035b0        24   func ,g         * 
  LenChar(char *)
                                  003035d4         e   func ,g         * 
  mod(int, int)
                                  003035e2        1a   func ,g         * 
  LoadScene(Scene *, int)
                                  003035fc         6   func ,g         * 
  FindWithName(unsigned char *, GameObject *)
                                  00303602        14   func ,g         * 
  Vector2::Vector2()
                                  00303616        2c   func ,g         * 
  Vector2::Vector2(float, float)
                                  00303642        32   func ,g         * 
  Vector2::Set(float, float)
                                  00303674         6   func ,g         * 
  Vector2::Set(Vector2)
                                  0030367a         c   func ,g         * 
  Vector2::operator ==(const Vector2 &)
                                  00303686        28   func ,g         * 
  Vector2::operator !=(const Vector2 &)
                                  003036ae        28   func ,g         * 
  Vector2::operator +(const Vector2 &)
                                  003036d6        3e   func ,g         * 
  Vector2::operator -(const Vector2 &)
                                  00303714        3e   func ,g         * 
  Vector2::operator *(const Vector2 &)
                                  00303752        3e   func ,g         * 
  Vector2::operator /(const Vector2 &)
                                  00303790        3e   func ,g         * 
  Object::Object(const char *, const char *)
                                  003037ce        38   func ,g         * 
  ___dt__6ObjectFv
                                  00303806        1e   func ,l         * 
  Object::GetInstanceID()
                                  00303824         4   func ,g         * 
  Object::ToString()
                                  00303828         4   func ,g         * 
  Object::_$Destroy()
                                  0030382c         4   func ,l         * 
  Object::operator ==(const Object &)
                                  00303830         a   func ,g         * 
  Object::operator !=(const Object &)
                                  0030383a        42   func ,g         * 
  Component::Component(const char *, GameObject *, const char *)
                                  0030387c        3c   func ,g         * 
  ___dt__9ComponentFv
                                  003038b8        20   func ,l         * 
  Component::_$PhysicsCalculator()
                                  003038d8         4   func ,l         * 
  Component::_$Awake()
                                  003038dc         4   func ,l         * 
  Component::_$FixedUpdate()
                                  003038e0         4   func ,l         * 
  Component::_$LateUpdate()
                                  003038e4         4   func ,l         * 
  Component::_$OnCollisionEnter2D(BoxCollider2D *)
                                  003038e8         4   func ,l         * 
  Component::_$OnCollisionExit2D(BoxCollider2D *)
                                  003038ec         4   func ,l         * 
  Component::_$OnCollisionStay2D(BoxCollider2D *)
                                  003038f0         4   func ,l         * 
  Component::_$OnControllerColliderHit()
                                  003038f4         4   func ,l         * 
  Component::_$OnDestroy()
                                  003038f8         4   func ,l         * 
  Component::_$OnDisable()
                                  003038fc         4   func ,l         * 
  Component::_$OnEnable()
                                  00303900         4   func ,l         * 
  Component::_$OnGUI()
                                  00303904         4   func ,l         * 
  Component::_$OnRenderObject()
                                  00303908         4   func ,l         * 
  Component::_$OnTriggerEnter2D(BoxCollider2D *)
                                  0030390c         4   func ,l         * 
  Component::_$OnTriggerExit2D(BoxCollider2D *)
                                  00303910         4   func ,l         * 
  Component::_$OnTriggerStay2D(BoxCollider2D *)
                                  00303914         4   func ,l         * 
  Component::_$OnValidate()
                                  00303918         4   func ,l         * 
  Component::_$Reset()
                                  0030391c         4   func ,l         * 
  Component::_$Start()
                                  00303920         4   func ,l         * 
  Component::_$Update()
                                  00303924         4   func ,l         * 
  Transform::Transform(GameObject *, const char *, const char *)
                                  00303928        92   func ,g         * 
  ___dt__9TransformFv
                                  003039ba        3e   func ,l         * 
  Transform::SetParent(Transform *)
                                  003039f8        5c   func ,g         * 
  Transform::Start()
                                  00303a54        14   func ,g         * 
  Transform::Update()
                                  00303a68        ee   func ,g         * 
  Node<T1> *List<T1>::_$get_node(int) [with T1=Transform *]
                                  00303b56        16   func ,l         * 
  T1 List<T1>::_$prepop() [with T1=Transform *]
                                  00303b6c        32   func ,l         * 
  T1 List<T1>::_$Remove(T1) [with T1=Transform *]
                                  00303b9e        90   func ,l         * 
  int List<T1>::_$IndexOf(T1) [with T1=Transform *]
                                  00303c2e        36   func ,l         * 
  Behaviour::Behaviour(const char *, GameObject *, const char *)
                                  00303c64        42   func ,g         * 
  ___dt__9BehaviourFv
                                  00303ca6        22   func ,l         * 
  Texture::Texture()
                                  00303cc8        60   func ,g         * 
  Texture::Texture(const char *, int, int, const unsigned char *, const char *)
                                  00303d28        48   func ,g         * 
  ___dt__7TextureFv
                                  00303d70        20   func ,l         * 
  MonoBehaviour::MonoBehaviour(const char *, GameObject *, const char *)
                                  00303d90        3e   func ,g         * 
  ___dt__13MonoBehaviourFv
                                  00303dce        24   func ,l         * 
  GameObject::GameObject(Scene *, const char *, const char *)
                                  00303df2        ce   func ,g         * 
  ___dt__10GameObjectFv
                                  00303ec0        e8   func ,l         * 
  GameObject::IsActive()
                                  00303fa8        34   func ,g         * 
  GameObject::AddComponent(Component *)
                                  00303fdc        4e   func ,g         * 
  GameObject::GetComponent(const char *)
                                  0030402a        44   func ,g         * 
  GameObject::Find(unsigned char *)
                                  0030406e        10   func ,g         * 
  Node<T1> *List<T1>::_$get_node(int) [with T1=Component *]
                                  0030407e        16   func ,l         * 
  T1 List<T1>::_$get(int) [with T1=Component *]
                                  00304094        20   func ,l         * 
  ___dt__5SceneFv
                                  003040b4        b8   func ,l         * 
  Scene::AddGameObject(GameObject *)
                                  0030416c        4e   func ,g         * 
  Scene::Update()
                                  003041ba       1f4   func ,g         * 
  Scene::Start()
                                  003043ae        ca   func ,g         * 
  Node<T1> *List<T1>::_$get_node(int) [with T1=GameObject *]
                                  00304478        16   func ,l         * 
  T1 List<T1>::_$get(int) [with T1=GameObject *]
                                  0030448e        20   func ,l         * 
  Node<T1> *List<T1>::_$get_node(int) [with T1=Camera *]
                                  003044ae        18   func ,l         * 
  T1 List<T1>::_$get(int) [with T1=Camera *]
                                  003044c6        20   func ,l         * 
  Node<T1> *List<T1>::_$get_node(int) [with T1=BoxCollider2D *]
                                  003044e6        16   func ,l         * 
  T1 List<T1>::_$prepop() [with T1=BoxCollider2D *]
                                  003044fc        32   func ,l         * 
  T1 List<T1>::_$get(int) [with T1=BoxCollider2D *]
                                  0030452e        20   func ,l         * 
  T1 List<T1>::_$RemoveAt(int) [with T1=BoxCollider2D *]
                                  0030454e        8c   func ,l         * 
  Camera::Camera(GameObject *, const char *)
                                  003045da        7a   func ,g         * 
  ___dt__6CameraFv
                                  00304654        24   func ,l         * 
  Image::Image(GameObject *, Texture *, const char *)
                                  00304678        68   func ,g         * 
  Image::OnRenderObject()
                                  003046e0        ea   func ,g         * 
  ___dt__5ImageFv
                                  003047ca        26   func ,l         * 
  Sprite::Sprite(GameObject *, Texture *, bool, const char *)
                                  003047f0        44   func ,g         * 
  Sprite::OnRenderObject()
                                  00304834       114   func ,g         * 
  ___dt__6SpriteFv
                                  00304948        74   func ,l         * 
  Rigidbody::Rigidbody(GameObject *, float, bool, bool, const char *)
                                  003049bc        64   func ,g         * 
  Rigidbody::PhysicsCalculator()
                                  00304a20        32   func ,g         * 
  Rigidbody::OnCollisionEnter2D(BoxCollider2D *)
                                  00304a52        5a   func ,g         * 
  Rigidbody::OnCollisionStay2D(BoxCollider2D *)
                                  00304aac        5a   func ,g         * 
  Rigidbody::LateUpdate()
                                  00304b06        3e   func ,g         * 
  ___dt__9RigidbodyFv
                                  00304b44        3c   func ,l         * 
  Rigidbody::Start()
                                  00304b80        3c   func ,g         * 
  BoxCollider2D::BoxCollider2D(GameObject *, bool, Vector2 *, Vector2 *, const char *)
                                  00304bbc        e4   func ,g         * 
  BoxCollider2D::Update()
                                  00304ca0       4cc   func ,g         * 
  BoxCollider2D::_$Contains(BoxCollider2D *)
                                  0030516c        36   func ,l         * 
  ___dt__13BoxCollider2DFv
                                  003051a2        3c   func ,l         * 
  Text::Text(GameObject *, unsigned char *, const char *)
                                  003051de        40   func ,g         * 
  Text::OnRenderObject()
                                  0030521e        7e   func ,g         * 
  ___dt__4TextFv
                                  0030529c        26   func ,l         * 
  Tilemap::Tilemap(GameObject *, Vector2 *, Vector2 *, const char *)
                                  003052c2        46   func ,g         * 
  ___dt__7TilemapFv
                                  00305308        78   func ,l         * 
  Tilemap::OnRenderObject()
                                  00305380       19c   func ,g         * 
  AllFightGolem::Update()
                                  0030551c        88   func ,g         * 
  AllFightGolem::Start()
                                  003055a4        24   func ,g         * 
  AllFightGolem::OnRenderObject()
                                  003055c8        62   func ,g         * 
  AllFightGolem::GameOver()
                                  0030562a        66   func ,g         * 
  AllFightGolem::Victory()
                                  00305690        50   func ,g         * 
  ___dt__13AllFightGolemFv
                                  003056e0        26   func ,l         * 
  BallGolem::Update()
                                  00305706        e6   func ,g         * 
  BallGolem::OnRenderObject()
                                  003057ec        34   func ,g         * 
  BallGolem::OnTriggerEnter2D(BoxCollider2D *)
                                  00305820        4e   func ,g         * 
  BallGolem::Start()
                                  0030586e        40   func ,g         * 
  ___dt__9BallGolemFv
                                  003058ae        26   func ,l         * 
  ChangeSceneTrigger::Start()
                                  003058d4        1e   func ,g         * 
  ChangeSceneTrigger::OnTriggerEnter2D(BoxCollider2D *)
                                  003058f2        1c   func ,g         * 
  ___dt__18ChangeSceneTriggerFv
                                  0030590e        26   func ,l         * 
  Curseur::Update()
                                  00305934       16c   func ,g         * 
  ___dt__7CurseurFv
                                  00305aa0        26   func ,l         * 
  Dialogue1::Start()
                                  00305ac6        1a   func ,g         * 
  Dialogue1::WaitExe()
                                  00305ae0        20   func ,g         * 
  Dialogue1::StartDialogue()
                                  00305b00       152   func ,g         * 
  Dialogue1::ChangeSprite(int)
                                  00305c52        32   func ,g         * 
  Dialogue1::Update()
                                  00305c84        12   func ,g         * 
  ___dt__9Dialogue1Fv
                                  00305c96        56   func ,l         * 
  GameManagerCible::Update()
                                  00305cec        52   func ,g         * 
  GameManagerCible::Start()
                                  00305d3e         6   func ,g         * 
  ___dt__16GameManagerCibleFv
                                  00305d44        26   func ,l         * 
  MainMenu::Update()
                                  00305d6a        7c   func ,g         * 
  MainMenu::Start()
                                  00305de6        30   func ,g         * 
  MainMenu::OnRenderObject()
                                  00305e16        9c   func ,g         * 
  ___dt__8MainMenuFv
                                  00305eb2        26   func ,l         * 
  PlayerController::Update()
                                  00305ed8       1dc   func ,g         * 
  PlayerController::Start()
                                  003060b4        1a   func ,g         * 
  PlayerController::LateUpdate()
                                  003060ce        7c   func ,g         * 
  PlayerController::OnRenderObject()
                                  0030614a        20   func ,g         * 
  ___dt__16PlayerControllerFv
                                  0030616a        26   func ,l         * 
  RoomCible::OnCollisionStay2D(BoxCollider2D *)
                                  00306190        88   func ,g         * 
  RoomCible::Start()
                                  00306218        6c   func ,g         * 
  RoomCible::Update()
                                  00306284        5e   func ,g         * 
  RoomCible::Show()
                                  003062e2        72   func ,g         * 
  ___dt__9RoomCibleFv
                                  00306354        26   func ,l         * 
  SceneManager::LoadScene(int)
                                  0030637a       132   func ,g         * 
  SceneManager::LoadScene(unsigned char *)
                                  003064ac        a8   func ,g         * 
  SceneManager::FindWithName(unsigned char *)
                                  00306554        80   func ,g         * 
  SceneManager::UpdateScene()
                                  003065d4        66   func ,g         * 
  SceneManager::StartScene()
                                  0030663a        3e   func ,g         * 
  SceneManager::_$GetSceneInBuild(int)
                                  00306678      3d1c   func ,l         * 
  SceneManager::_$GetSceneInBuild(unsigned char *)
                                  0030a394        3a   func ,l         * 
  Node<T1> *List<T1>::_$get_node(int) [with T1=Scene *]
                                  0030a3ce        16   func ,l         * 
  T1 List<T1>::_$get(int) [with T1=Scene *]
                                  0030a3e4        54   func ,l         * 
FILE=C:\Users\leofa\Applications\CASIO\fx9860 Dev Kit\OS\FX\lib\setup.obj
                                  0030a438  0030a553       11c
  ___LINK_PROTECT
                                  0030a438         4   func ,g         * 
  _SetQuitHandler
                                  0030a43c         6   func ,g         * 
  _OnAppCloseDefault
                                  0030a442        54   func ,g         * 
  __INITSCT_ADDIN
                                  0030a496        48   func ,g         * 
  _INIT_ADDIN_APPLICATION
                                  0030a4de        76   func ,g         * 
FILE=r_addd
                                  0030a554  0030a8e3       390
  __subd
                                  0030a554         0   none ,g         * 
  __subdr
                                  0030a56c         0   none ,g         * 
  exception1
                                  0030a584         0   none ,l         * 
  return_NaN
                                  0030a598         0   none ,l         * 
  return_inf
                                  0030a5a0         0   none ,l         * 
  exception2
                                  0030a5a4         0   none ,l         * 
  p2_denorm_check
                                  0030a5b8         0   none ,l         * 
  p1_denorm
                                  0030a5c4         0   none ,l         * 
  return_p2
                                  0030a5d0         0   none ,l         * 
  return_p1
                                  0030a5d8         0   none ,l         * 
  p1_normalize
                                  0030a5e6         0   none ,l         * 
  p1_norm_loop
                                  0030a5f0         0   none ,l         * 
  end_p1_norm
                                  0030a5fa         0   none ,l         * 
  p2_normalize
                                  0030a5fa         0   none ,l         * 
  p2_norm_loop
                                  0030a604         0   none ,l         * 
  end_p2_norm
                                  0030a60e         0   none ,l         * 
  swap_end
                                  0030a616         0   none ,l         * 
  return_zero
                                  0030a61a         0   none ,l         * 
  __addd
                                  0030a624         0   none ,g         * 
  sub_in
                                  0030a636         0   none ,l         * 
  rotation
                                  0030a656         0   none ,l         * 
  exception_return
                                  0030a682         0   none ,l         * 
  sftr1
                                  0030a6c4         0   none ,l         * 
  e_sftr31
                                  0030a6c8         0   none ,l         * 
  e_sftr55
                                  0030a6ee         0   none ,l         * 
  sftr_loop
                                  0030a6f4         0   none ,l         * 
  end_sftr
                                  0030a6fc         0   none ,l         * 
  mantissa_sub
                                  0030a720         0   none ,l         * 
  man_sub1
                                  0030a728         0   none ,l         * 
  normalize
                                  0030a736         0   none ,l         * 
  norm32_end
                                  0030a740         0   none ,l         * 
  norm16_end
                                  0030a750         0   none ,l         * 
  over_norm
                                  0030a756         0   none ,l         * 
  overnorm_end
                                  0030a782         0   none ,l         * 
  norm_loop
                                  0030a788         0   none ,l         * 
  end_calc
                                  0030a7b0         0   none ,l         * 
  end_norm
                                  0030a7b0         0   none ,l         * 
  denormalize_loop
                                  0030a7b8         0   none ,l         * 
  round
                                  0030a7c0         0   none ,l         * 
  end_denormal
                                  0030a7c0         0   none ,l         * 
  round_carry
                                  0030a7d8         0   none ,l         * 
  end_round
                                  0030a7de         0   none ,l         * 
  return_value
                                  0030a7de         0   none ,l         * 
  return
                                  0030a7fc         0   none ,l         * 
  plus_zero
                                  0030a81c         0   none ,l         * 
  swap
                                  0030a826         0   none ,l         * 
  EXP_INF
                                  0030a840         0   none ,l         * 
  MMASK
                                  0030a844         0   none ,l         * 
  MSB
                                  0030a848         0   none ,l         * 
  LOWMASK
                                  0030a84c         0   none ,l         * 
  CARRY_CHECK
                                  0030a850         0   none ,l         * 
  NORMAL
                                  0030a854         0   none ,l         * 
  SIGN
                                  0030a858         0   none ,l         * 
  HALF
                                  0030a85c         0   none ,l         * 
  sftrtbl
                                  0030a860         0   none ,l         * 
FILE=r_adds
                                  0030a8e4  0030ab4f       26c
  __subs
                                  0030a8e4         0   none ,g         * 
  __adds
                                  0030a8ea         0   none ,g         * 
  rotation
                                  0030a904         0   none ,l         * 
  exception_return
                                  0030a92e         0   none ,l         * 
  label
                                  0030a94e         0   none ,l         * 
  e_sftr26
                                  0030a952         0   none ,l         * 
  or_sticky
                                  0030a956         0   none ,l         * 
  end_sftr
                                  0030a95c         0   none ,l         * 
  mantissa_sub
                                  0030a976         0   none ,l         * 
  normalize
                                  0030a980         0   none ,l         * 
  n_sftl_8
                                  0030a996         0   none ,l         * 
  n_sftl_4
                                  0030a9a2         0   none ,l         * 
  n_sftl_2
                                  0030a9b0         0   none ,l         * 
  n_sftl_1
                                  0030a9b8         0   none ,l         * 
  normal
                                  0030a9c0         0   none ,l         * 
  end_calc
                                  0030a9c2         0   none ,l         * 
  denormalize_loop
                                  0030a9ca         0   none ,l         * 
  end_denormal
                                  0030a9d0         0   none ,l         * 
  round_carry
                                  0030a9e0         0   none ,l         * 
  end_round
                                  0030a9e4         0   none ,l         * 
  return_value
                                  0030a9e4         0   none ,l         * 
  return
                                  0030a9f2         0   none ,l         * 
  exception1
                                  0030aa00         0   none ,l         * 
  return_NaN
                                  0030aa0e         0   none ,l         * 
  return_inf
                                  0030aa14         0   none ,l         * 
  exception2
                                  0030aa18         0   none ,l         * 
  p2_denorm_check
                                  0030aa24         0   none ,l         * 
  p1_denorm
                                  0030aa2c         0   none ,l         * 
  p1_norm_loop
                                  0030aa34         0   none ,l         * 
  end_p1_norm
                                  0030aa3a         0   none ,l         * 
  p2_normalize
                                  0030aa3a         0   none ,l         * 
  p2_norm_loop
                                  0030aa3e         0   none ,l         * 
  end_p2_norm
                                  0030aa44         0   none ,l         * 
  plus_zero
                                  0030aa48         0   none ,l         * 
  return_zero
                                  0030aa4a         0   none ,l         * 
  return_parm1
                                  0030aa50         0   none ,l         * 
  e_sftr7
                                  0030aa58         0   none ,l         * 
  e_sftr5
                                  0030aa5a         0   none ,l         * 
  e_sftr3
                                  0030aa5c         0   none ,l         * 
  e_sftr1
                                  0030aa5e         0   none ,l         * 
  e_sftr6
                                  0030aa62         0   none ,l         * 
  e_sftr4
                                  0030aa64         0   none ,l         * 
  e_sftr2
                                  0030aa66         0   none ,l         * 
  e_sftr15
                                  0030aa6a         0   none ,l         * 
  e_sftr13
                                  0030aa6e         0   none ,l         * 
  e_sftr11
                                  0030aa72         0   none ,l         * 
  e_sftr9
                                  0030aa76         0   none ,l         * 
  e_sftr14
                                  0030aa80         0   none ,l         * 
  e_sftr12
                                  0030aa84         0   none ,l         * 
  e_sftr10
                                  0030aa88         0   none ,l         * 
  e_sftr8
                                  0030aa8c         0   none ,l         * 
  e_sftr23
                                  0030aa92         0   none ,l         * 
  e_sftr21
                                  0030aa96         0   none ,l         * 
  e_sftr19
                                  0030aa9a         0   none ,l         * 
  e_sftr17
                                  0030aa9e         0   none ,l         * 
  e_sftr22
                                  0030aaa8         0   none ,l         * 
  e_sftr20
                                  0030aaac         0   none ,l         * 
  e_sftr18
                                  0030aab0         0   none ,l         * 
  e_sftr16
                                  0030aab4         0   none ,l         * 
  e_sftr25
                                  0030aaba         0   none ,l         * 
  e_sftr24
                                  0030aac8         0   none ,l         * 
  a_sftrtbl
                                  0030aad4         0   none ,l         * 
  EXP_INF
                                  0030ab3c         0   none ,l         * 
  HALF
                                  0030ab40         0   none ,l         * 
  LRS
                                  0030ab44         0   none ,l         * 
  MAN_1
                                  0030ab48         0   none ,l         * 
  NaN
                                  0030ab4c         0   none ,l         * 
FILE=r_divs
                                  0030ab50  0030ace7       198
  exception1
                                  0030ab50         0   none ,l         * 
  exception2
                                  0030ab5c         0   none ,l         * 
  exception3
                                  0030ab64         0   none ,l         * 
  normalize1
                                  0030ab74         0   none ,l         * 
  p1_norm_loop
                                  0030ab78         0   none ,l         * 
  end_p1_norm
                                  0030ab7e         0   none ,l         * 
  exception4
                                  0030ab82         0   none ,l         * 
  p2_normalize
                                  0030ab86         0   none ,l         * 
  p2_norm_loop
                                  0030ab8a         0   none ,l         * 
  end_p2_norm
                                  0030ab90         0   none ,l         * 
  return_zero
                                  0030ab94         0   none ,l         * 
  return_inf
                                  0030ab9c         0   none ,l         * 
  return_NaN
                                  0030aba2         0   none ,l         * 
  __divs
                                  0030aba8         0   none ,g         * 
  exception_return3
                                  0030abdc         0   none ,l         * 
  exception_return4
                                  0030abe0         0   none ,l         * 
  make_result
                                  0030ac5c         0   none ,l         * 
  end_calc_sticky
                                  0030ac6c         0   none ,l         * 
  end_normalize
                                  0030ac74         0   none ,l         * 
  denormalize_loop
                                  0030ac86         0   none ,l         * 
  round_denormal
                                  0030ac90         0   none ,l         * 
  end_round_d
                                  0030aca4         0   none ,l         * 
  end_denormal
                                  0030aca8         0   none ,l         * 
  round_carry
                                  0030acb8         0   none ,l         * 
  end_round
                                  0030acbc         0   none ,l         * 
  return_value
                                  0030acbc         0   none ,l         * 
  return
                                  0030acca         0   none ,l         * 
  EXP_INF
                                  0030acd8         0   none ,l         * 
  LRS
                                  0030acdc         0   none ,l         * 
  MAN_1
                                  0030ace0         0   none ,l         * 
  NaN
                                  0030ace4         0   none ,l         * 
FILE=r_dtoi
                                  0030ace8  0030ad73        8c
  __dtou
                                  0030ace8         0   none ,g         * 
  __dtoi
                                  0030ace8         0   none ,g         * 
  loop_sftl
                                  0030ad28         0   none ,l         * 
  shift_low
                                  0030ad32         0   none ,l         * 
  shift_low1
                                  0030ad3a         0   none ,l         * 
  shift_r
                                  0030ad44         0   none ,l         * 
  shift_r1
                                  0030ad46         0   none ,l         * 
  end_shift
                                  0030ad4c         0   none ,l         * 
  return
                                  0030ad52         0   none ,l         * 
  end_nagate
                                  0030ad52         0   none ,l         * 
  return_zero
                                  0030ad60         0   none ,l         * 
  EXP_INF
                                  0030ad64         0   none ,l         * 
  MMASK
                                  0030ad68         0   none ,l         * 
  MSB
                                  0030ad6c         0   none ,l         * 
  BIAS
                                  0030ad70         0   none ,l         * 
FILE=r_dtos
                                  0030ad74  0030ae4f        dc
  __dtos
                                  0030ad74         0   none ,g         * 
  end_sticky
                                  0030adca         0   none ,l         * 
  denormalize_loop
                                  0030add2         0   none ,l         * 
  end_denormal
                                  0030addc         0   none ,l         * 
  round_carry
                                  0030adec         0   none ,l         * 
  end_round
                                  0030adf0         0   none ,l         * 
  return
                                  0030ae00         0   none ,l         * 
  exception
                                  0030ae0e         0   none ,l         * 
  return_inf
                                  0030ae16         0   none ,l         * 
  return_NaN
                                  0030ae1e         0   none ,l         * 
  return_zero
                                  0030ae24         0   none ,l         * 
  EXP_INF
                                  0030ae2c         0   none ,l         * 
  MMASK
                                  0030ae30         0   none ,l         * 
  SMASK
                                  0030ae34         0   none ,l         * 
  DEF_BIAS
                                  0030ae38         0   none ,l         * 
  MSB
                                  0030ae3c         0   none ,l         * 
  INFS
                                  0030ae40         0   none ,l         * 
  CARRY_CHECK
                                  0030ae44         0   none ,l         * 
  RET_INF
                                  0030ae48         0   none ,l         * 
  NaN
                                  0030ae4c         0   none ,l         * 
FILE=r_gtd
                                  0030ae50  0030aef7        a8
  __gtd
                                  0030ae50         0   none ,g         * 
  exception_return1
                                  0030ae82         0   none ,l         * 
  exception_return2
                                  0030ae86         0   none ,l         * 
  exception_return3
                                  0030ae8a         0   none ,l         * 
  minus
                                  0030ae9c         0   none ,l         * 
  sign_def
                                  0030aea4         0   none ,l         * 
  return
                                  0030aea8         0   none ,l         * 
  exception1
                                  0030aebc         0   none ,l         * 
  exception2
                                  0030aec8         0   none ,l         * 
  exception3
                                  0030aed4         0   none ,l         * 
  false
                                  0030aeec         0   none ,l         * 
  EXP_INF
                                  0030aef0         0   none ,l         * 
  MMASK
                                  0030aef4         0   none ,l         * 
FILE=r_gts
                                  0030aef8  0030af6f        78
  __gts
                                  0030aef8         0   none ,g         * 
  exception_return1
                                  0030af1c         0   none ,l         * 
  exception_return2
                                  0030af20         0   none ,l         * 
  exception_return3
                                  0030af24         0   none ,l         * 
  minus
                                  0030af32         0   none ,l         * 
  sign_def
                                  0030af38         0   none ,l         * 
  return
                                  0030af3c         0   none ,l         * 
  exception1
                                  0030af48         0   none ,l         * 
  exception2
                                  0030af50         0   none ,l         * 
  exception3
                                  0030af58         0   none ,l         * 
  false
                                  0030af68         0   none ,l         * 
  EXP_INF
                                  0030af6c         0   none ,l         * 
FILE=r_itod
                                  0030af70  0030afc3        54
  __itod
                                  0030af70         0   none ,g         * 
  end_negate
                                  0030af84         0   none ,l         * 
  sftl_loop
                                  0030af86         0   none ,l         * 
  return
                                  0030afa8         0   none ,l         * 
  return_zero
                                  0030afb8         0   none ,l         * 
  EXP_32
                                  0030afc0         0   none ,l         * 
FILE=r_itos
                                  0030afc4  0030b01b        58
  __itos
                                  0030afc4         0   none ,g         * 
  end_negate
                                  0030afd8         0   none ,l         * 
  sftl_loop
                                  0030afda         0   none ,l         * 
  end_round
                                  0030aff6         0   none ,l         * 
  return_value
                                  0030aff6         0   none ,l         * 
  return_zero
                                  0030b00c         0   none ,l         * 
  EXP_32
                                  0030b010         0   none ,l         * 
  LRS
                                  0030b014         0   none ,l         * 
  MAN_1
                                  0030b018         0   none ,l         * 
FILE=r_lts
                                  0030b01c  0030b093        78
  __lts
                                  0030b01c         0   none ,g         * 
  exception_return1
                                  0030b040         0   none ,l         * 
  exception_return2
                                  0030b044         0   none ,l         * 
  exception_return3
                                  0030b048         0   none ,l         * 
  minus
                                  0030b056         0   none ,l         * 
  sign_def
                                  0030b05c         0   none ,l         * 
  return
                                  0030b060         0   none ,l         * 
  exception1
                                  0030b06c         0   none ,l         * 
  exception2
                                  0030b074         0   none ,l         * 
  exception3
                                  0030b07c         0   none ,l         * 
  false
                                  0030b08c         0   none ,l         * 
  EXP_INF
                                  0030b090         0   none ,l         * 
FILE=r_muld
                                  0030b094  0030b2a7       214
  exception1
                                  0030b094         0   none ,l         * 
  parm2_NaN_check
                                  0030b0b0         0   none ,l         * 
  exception2
                                  0030b0bc         0   none ,l         * 
  exception3
                                  0030b0d4         0   none ,l         * 
  ex3
                                  0030b0e0         0   none ,l         * 
  p1_norm_loop
                                  0030b0ea         0   none ,l         * 
  end_p1_norm
                                  0030b0f4         0   none ,l         * 
  exception4
                                  0030b0f8         0   none ,l         * 
  ex4
                                  0030b104         0   none ,l         * 
  p2_norm_loop
                                  0030b10e         0   none ,l         * 
  end_p2_norm
                                  0030b118         0   none ,l         * 
  return_zero
                                  0030b11c         0   none ,l         * 
  return_inf
                                  0030b126         0   none ,l         * 
  return_NaN
                                  0030b12e         0   none ,l         * 
  __muld
                                  0030b138         0   none ,g         * 
  exception_return3
                                  0030b18e         0   none ,l         * 
  exception_return4
                                  0030b192         0   none ,l         * 
  mul_man1
                                  0030b1d4         0   none ,l         * 
  end_normalize
                                  0030b1f8         0   none ,l         * 
  end_sticky
                                  0030b1fe         0   none ,l         * 
  denormalize_loop
                                  0030b206         0   none ,l         * 
  round_denormal
                                  0030b212         0   none ,l         * 
  end_round_d
                                  0030b228         0   none ,l         * 
  end_denormal
                                  0030b22c         0   none ,l         * 
  round_carry
                                  0030b23e         0   none ,l         * 
  end_round
                                  0030b244         0   none ,l         * 
  return_value
                                  0030b244         0   none ,l         * 
  return
                                  0030b262         0   none ,l         * 
  EXP_INF
                                  0030b290         0   none ,l         * 
  MMASK
                                  0030b294         0   none ,l         * 
  MSB
                                  0030b298         0   none ,l         * 
  CARRY_CHECK
                                  0030b29c         0   none ,l         * 
  BIAS
                                  0030b2a0         0   none ,l         * 
  DEN_CARRY
                                  0030b2a4         0   none ,l         * 
FILE=r_muls
                                  0030b2a8  0030b3e7       140
  __muls
                                  0030b2a8         0   none ,g         * 
  exception_return3
                                  0030b2e0         0   none ,l         * 
  exception_return4
                                  0030b2e4         0   none ,l         * 
  end_calc_sticky
                                  0030b306         0   none ,l         * 
  denormal
                                  0030b316         0   none ,l         * 
  end_normalize
                                  0030b318         0   none ,l         * 
  denormalize_loop
                                  0030b320         0   none ,l         * 
  round_denormal
                                  0030b32a         0   none ,l         * 
  end_round_d
                                  0030b33e         0   none ,l         * 
  end_denormal
                                  0030b342         0   none ,l         * 
  round_carry
                                  0030b352         0   none ,l         * 
  end_round
                                  0030b356         0   none ,l         * 
  return_value
                                  0030b356         0   none ,l         * 
  return
                                  0030b364         0   none ,l         * 
  exception1
                                  0030b374         0   none ,l         * 
  parm2_NaN_check
                                  0030b388         0   none ,l         * 
  exception2
                                  0030b390         0   none ,l         * 
  exception3
                                  0030b3a0         0   none ,l         * 
  p1_norm_loop
                                  0030b3a8         0   none ,l         * 
  end_p1_norm
                                  0030b3ae         0   none ,l         * 
  exception4
                                  0030b3b2         0   none ,l         * 
  p2_normalize
                                  0030b3b6         0   none ,l         * 
  p2_norm_loop
                                  0030b3ba         0   none ,l         * 
  end_p2_norm
                                  0030b3c0         0   none ,l         * 
  return_zero
                                  0030b3c4         0   none ,l         * 
  return_inf
                                  0030b3cc         0   none ,l         * 
  return_NaN
                                  0030b3d2         0   none ,l         * 
  EXP_INF
                                  0030b3d8         0   none ,l         * 
  LRS
                                  0030b3dc         0   none ,l         * 
  MAN_1
                                  0030b3e0         0   none ,l         * 
  NaN
                                  0030b3e4         0   none ,l         * 
FILE=r_nes
                                  0030b3e8  0030b44f        68
  __nes
                                  0030b3e8         0   none ,g         * 
  exception_return1
                                  0030b40c         0   none ,l         * 
  exception_return2
                                  0030b410         0   none ,l         * 
  exception_return3
                                  0030b414         0   none ,l         * 
  true
                                  0030b41c         0   none ,l         * 
  return
                                  0030b41e         0   none ,l         * 
  exception1
                                  0030b42a         0   none ,l         * 
  exception2
                                  0030b432         0   none ,l         * 
  exception3
                                  0030b43a         0   none ,l         * 
  EXP_INF
                                  0030b44c         0   none ,l         * 
FILE=r_stoi
                                  0030b450  0030b4a7        58
  __stoi
                                  0030b450         0   none ,g         * 
  __stou
                                  0030b450         0   none ,g         * 
  loop_sftl
                                  0030b480         0   none ,l         * 
  shift_r
                                  0030b48a         0   none ,l         * 
  loop_sftr
                                  0030b48c         0   none ,l         * 
  end_shift
                                  0030b492         0   none ,l         * 
  return
                                  0030b498         0   none ,l         * 
  end_nagate
                                  0030b498         0   none ,l         * 
  return_zero
                                  0030b4a0         0   none ,l         * 
  EXP_INF
                                  0030b4a4         0   none ,l         * 
FILE=__divls
                                  0030b4a8  0030b55b        b4
  __divls
                                  0030b4a8         0   none ,g         * 
  divls_zero
                                  0030b546         0   none ,l         * 
  A_errno
                                  0030b554         0   none ,l         * 
  n_zerono
                                  0030b558         0   none ,l         * 
FILE=__modls
                                  0030b55c  0030b623        c8
  __modls
                                  0030b55c         0   none ,g         * 
  modls_L
                                  0030b602         0   none ,l         * 
  modls_zero
                                  0030b60e         0   none ,l         * 
  A_errno
                                  0030b61c         0   none ,l         * 
  n_zerono
                                  0030b620         0   none ,l         * 
FILE=__q_mvn
                                  0030b624  0030b6e3        c0
  __quick_mvn
                                  0030b624         0   none ,g         * 
  FMVN_FAST
                                  0030b62c         0   none ,l         * 
  A_FMVN_TBL
                                  0030b634         0   none ,l         * 
  FMVN_64
                                  0030b63a         0   none ,l         * 
  FMVN_60
                                  0030b63e         0   none ,l         * 
  FMVN_56
                                  0030b642         0   none ,l         * 
  FMVN_52
                                  0030b646         0   none ,l         * 
  FMVN_48
                                  0030b64a         0   none ,l         * 
  FMVN_44
                                  0030b64e         0   none ,l         * 
  FMVN_40
                                  0030b652         0   none ,l         * 
  FMVN_36
                                  0030b656         0   none ,l         * 
  FMVN_32
                                  0030b65a         0   none ,l         * 
  FMVN_28
                                  0030b65e         0   none ,l         * 
  FMVN_24
                                  0030b662         0   none ,l         * 
  FMVN_20
                                  0030b666         0   none ,l         * 
  FMVN_16
                                  0030b66a         0   none ,l         * 
  FMVN_12
                                  0030b66e         0   none ,l         * 
  FMVN_8
                                  0030b672         0   none ,l         * 
  FMVN_4
                                  0030b676         0   none ,l         * 
  FMVN_0
                                  0030b67a         0   none ,l         * 
  FMVN_TBL
                                  0030b680         0   none ,l         * 
  FMVN_slow
                                  0030b6c4         0   none ,l         * 
  FMVN_L
                                  0030b6ca         0   none ,l         * 
  FMVN_END
                                  0030b6de         0   none ,l         * 
FILE=__q_fmvn
                                  0030b6e4  0030b787        a4
  __quick_evn_mvn
                                  0030b6e4         0   none ,g         * 
  __quick_odd_mvn
                                  0030b6f0         0   none ,g         * 
  A_FMVN_TBL
                                  0030b6fc         0   none ,l         * 
  FMVN_64
                                  0030b702         0   none ,l         * 
  FMVN_60
                                  0030b706         0   none ,l         * 
  FMVN_56
                                  0030b70a         0   none ,l         * 
  FMVN_52
                                  0030b70e         0   none ,l         * 
  FMVN_48
                                  0030b712         0   none ,l         * 
  FMVN_44
                                  0030b716         0   none ,l         * 
  FMVN_40
                                  0030b71a         0   none ,l         * 
  FMVN_36
                                  0030b71e         0   none ,l         * 
  FMVN_32
                                  0030b722         0   none ,l         * 
  FMVN_28
                                  0030b726         0   none ,l         * 
  FMVN_24
                                  0030b72a         0   none ,l         * 
  FMVN_20
                                  0030b72e         0   none ,l         * 
  FMVN_16
                                  0030b732         0   none ,l         * 
  FMVN_12
                                  0030b736         0   none ,l         * 
  FMVN_8
                                  0030b73a         0   none ,l         * 
  FMVN_4
                                  0030b73e         0   none ,l         * 
  FMVN_0
                                  0030b740         0   none ,l         * 
  FMVN_TBL
                                  0030b744         0   none ,l         * 
FILE=abs
                                  0030b788  0030b795         e
  _abs
                                  0030b788         e   func ,g         * 
FILE=delete
                                  0030b798  0030b7ab        14
  operator delete(void *)
                                  0030b798        14   func ,g         * 
FILE=memcpy
                                  0030b7ac  0030b869        be
  _memcpy
                                  0030b7ac        be   func ,g         * 
FILE=memzero
                                  0030b86c  0030b87f        14
  ___memzero
                                  0030b86c        14   func ,g         * 
FILE=new
                                  0030b880  0030b8f3        74
  operator new(unsigned long)
                                  0030b880        74   func ,g         * 
FILE=sprintf
                                  0030b8f4  0030b92f        3c
  _sprintf
                                  0030b8f4        3c   func ,g         * 
FILE=strlen
                                  0030b930  0030b93f        10
  _strlen
                                  0030b930        10   func ,g         * 
FILE=typeinfo
                                  0030b940  0030b9bb        7c
  std::type_info::~type_info()
                                  0030b940        1e   func ,g         * 
  std::type_info::operator ==(const std::type_info &) const
                                  0030b95e        1c   func ,g         * 
  std::type_info::operator !=(const std::type_info &) const
                                  0030b97a        1c   func ,g         * 
  std::type_info::before(const std::type_info &) const
                                  0030b996        18   func ,g         * 
  std::type_info::name() const
                                  0030b9ae         e   func ,g         * 
FILE=_Bdel_cychdr
                                  0030b9bc  0030b9cb        10
  _Bdel_cychdr
                                  0030b9bc         0   none ,g         * 
FILE=_BfileFLS_CloseFile
                                  0030b9cc  0030b9db        10
  _BfileFLS_CloseFile
                                  0030b9cc         0   none ,g         * 
FILE=_Bkey_Set_RepeatTime_Default
                                  0030b9dc  0030b9eb        10
  _Bkey_Set_RepeatTime_Default
                                  0030b9dc         0   none ,g         * 
FILE=_CallbackAtQuitMainFunction
                                  0030b9ec  0030b9fb        10
  _CallbackAtQuitMainFunction
                                  0030b9ec         0   none ,g         * 
FILE=_flsFindClose
                                  0030b9fc  0030ba0b        10
  _flsFindClose
                                  0030b9fc         0   none ,g         * 
FILE=_free
                                  0030ba0c  0030ba1b        10
  _free
                                  0030ba0c         0   none ,g         * 
FILE=_getkey
                                  0030ba1c  0030ba2b        10
  _GetKey
                                  0030ba1c         0   none ,g         * 
FILE=_GLibAddinAplExecutionCheck
                                  0030ba2c  0030ba3b        10
  _GLibAddinAplExecutionCheck
                                  0030ba2c         0   none ,g         * 
FILE=_Hmem_SetMMU
                                  0030ba3c  0030ba4b        10
  _Hmem_SetMMU
                                  0030ba3c         0   none ,g         * 
FILE=_malloc
                                  0030ba4c  0030ba5b        10
  _malloc
                                  0030ba4c         0   none ,g         * 
FILE=dispbios
                                  0030ba5c  0030bbd1       176
  _PrintMini
                                  0030ba5c        1c   func ,g         * 
  _locate
                                  0030ba78        28   func ,g         * 
  _Bdisp_ReadArea_DD
                                  0030baa0       132   func ,g         * 
FILE=timer
                                  0030bbd4  0030bcd3       100
  _GetSDKLibraryVersion
                                  0030bbd4         6   func ,g         * 
  _SetTimer
                                  0030bbda        54   func ,g         * 
  _KillTimer
                                  0030bc2e        44   func ,g         * 
  _Sleep
                                  0030bc72        62   func ,g         * 
FILE=_fmtout
                                  0030bcd4  0030cdbf      10ec
  __fmtout
                                  0030bcd4       768   func ,g         * 
  __ltostr
                                  0030c43c       20a   func ,l         * 
  __xtostr
                                  0030c646       68e   func ,l         * 
  __round
                                  0030ccd4        60   func ,l         * 
  __putstr
                                  0030cd34        58   func ,l         * 
  __putnull
                                  0030cd8c        10   func ,l         * 
  __puterr
                                  0030cd9c        24   func ,l         * 
FILE=memset
                                  0030cdc0  0030cdd7        18
  _memset
                                  0030cdc0        18   func ,g         * 
FILE=newhandler
                                  0030cdd8  0030cddb         4
  __default_new_handler()
                                  0030cdd8         4   func ,g         * 
FILE=_Bcre_cychdr
                                  0030cddc  0030cdeb        10
  _Bcre_cychdr
                                  0030cddc         0   none ,g         * 
FILE=_BSrl_DummyWAIT
                                  0030cdec  0030cdfb        10
  _BSrl_DummyWAIT
                                  0030cdec         0   none ,g         * 
FILE=_Bsta_cychdr
                                  0030cdfc  0030ce0b        10
  _Bsta_cychdr
                                  0030cdfc         0   none ,g         * 
FILE=_Bstp_cychdr
                                  0030ce0c  0030ce1b        10
  _Bstp_cychdr
                                  0030ce0c         0   none ,g         * 
FILE=_DD_GET
                                  0030ce1c  0030ce2b        10
  _DD_GET
                                  0030ce1c         0   none ,g         * 
FILE=_locate
                                  0030ce2c  0030ce3b        10
  _locate_OS
                                  0030ce2c         0   none ,g         * 
FILE=_PrintMiniSd
                                  0030ce3c  0030ce4b        10
  _PrintMiniSd
                                  0030ce3c         0   none ,g         * 
FILE=r_eqd
                                  0030ce4c  0030cedf        94
  __eqd
                                  0030ce4c         0   none ,g         * 
  exception_return1
                                  0030ce7e         0   none ,l         * 
  exception_return2
                                  0030ce82         0   none ,l         * 
  exception_return3
                                  0030ce86         0   none ,l         * 
  false
                                  0030ce92         0   none ,l         * 
  return
                                  0030ce94         0   none ,l         * 
  exception1
                                  0030cea8         0   none ,l         * 
  exception2
                                  0030ceb4         0   none ,l         * 
  exception3
                                  0030cec0         0   none ,l         * 
  EXP_INF
                                  0030ced8         0   none ,l         * 
  MMASK
                                  0030cedc         0   none ,l         * 
FILE=__divlu
                                  0030cee0  0030cf87        a8
  __divlu
                                  0030cee0         0   none ,g         * 
  divlu_zero
                                  0030cf72         0   none ,l         * 
  A_errno
                                  0030cf80         0   none ,l         * 
  n_zerono
                                  0030cf84         0   none ,l         * 
FILE=__modlu
                                  0030cf88  0030d03f        b8
  __modlu
                                  0030cf88         0   none ,g         * 
  modlu_L
                                  0030d020         0   none ,l         * 
  modlu_zero
                                  0030d028         0   none ,l         * 
  A_errno
                                  0030d038         0   none ,l         * 
  n_zerono
                                  0030d03c         0   none ,l         * 
FILE=_its
                                  0030d040  0030d16f       130
  __its
                                  0030d040       130   func ,g         * 
FILE=_xti
                                  0030d170  0030d3ff       290
  __xti
                                  0030d170       290   func ,g         * 
  _la$264
                                  0030d348         0   none ,l         * 
FILE=_allzero
                                  0030d400  0030d41d        1e
  __allzero
                                  0030d400        1e   func ,g         * 
FILE=_calcnpw
                                  0030d420  0030d51f       100
  __calcnpw
                                  0030d420       100   func ,g         * 
FILE=_log10
                                  0030d520  0030d7e7       2c8
  __log10
                                  0030d520        62   func ,g         * 
  _frexp
                                  0030d582       12e   func ,l         * 
  _modf
                                  0030d6b0       138   func ,l         * 
FILE=_lsfts
                                  0030d7e8  0030d833        4c
  __lsfts
                                  0030d7e8        4c   func ,g         * 
FILE=_pow5
                                  0030d834  0030d857        24
  __pow5
                                  0030d834        24   func ,g         * 
FILE=_rsfts
                                  0030d858  0030d8ad        56
  __rsfts
                                  0030d858        56   func ,g         * 
FILE=_sub
                                  0030d8b0  0030d943        94
  __sub
                                  0030d8b0        94   func ,g         * 
FILE=_umemcmp
                                  0030d944  0030d977        34
  __umemcmp
                                  0030d944        34   func ,g         * 
FILE=_unpack
                                  0030d978  0030da13        9c
  __unpack
                                  0030d978        9c   func ,g         * 
FILE=memcmp
                                  0030da14  0030da47        34
  _memcmp
                                  0030da14        34   func ,g         * 
FILE=r_ltd
                                  0030da48  0030daef        a8
  __ltd
                                  0030da48         0   none ,g         * 
  exception_return1
                                  0030da7a         0   none ,l         * 
  exception_return2
                                  0030da7e         0   none ,l         * 
  exception_return3
                                  0030da82         0   none ,l         * 
  minus
                                  0030da94         0   none ,l         * 
  sign_def
                                  0030da9c         0   none ,l         * 
  return
                                  0030daa0         0   none ,l         * 
  exception1
                                  0030dab4         0   none ,l         * 
  exception2
                                  0030dac0         0   none ,l         * 
  exception3
                                  0030dacc         0   none ,l         * 
  false
                                  0030dae4         0   none ,l         * 
  EXP_INF
                                  0030dae8         0   none ,l         * 
  MMASK
                                  0030daec         0   none ,l         * 
FILE=r_ned
                                  0030daf0  0030db83        94
  __ned
                                  0030daf0         0   none ,g         * 
  exception_return1
                                  0030db22         0   none ,l         * 
  exception_return2
                                  0030db26         0   none ,l         * 
  exception_return3
                                  0030db2a         0   none ,l         * 
  true
                                  0030db36         0   none ,l         * 
  return
                                  0030db38         0   none ,l         * 
  exception1
                                  0030db4c         0   none ,l         * 
  exception2
                                  0030db58         0   none ,l         * 
  exception3
                                  0030db64         0   none ,l         * 
  EXP_INF
                                  0030db7c         0   none ,l         * 
  MMASK
                                  0030db80         0   none ,l         * 
FILE=__divws
                                  0030db84  0030dbd3        50
  __divws
                                  0030db84         0   none ,g         * 
  divws_zero
                                  0030dbc2         0   none ,l         * 
  A_errno
                                  0030dbcc         0   none ,l         * 
  n_zerono
                                  0030dbd0         0   none ,l         * 
FILE=_div64
                                  0030dbd4  0030dd67       194
  __div64
                                  0030dbd4       194   func ,g         * 
FILE=_duchek
                                  0030dd68  0030dd97        30
  __duchek
                                  0030dd68        30   func ,g         * 
FILE=_lsft
                                  0030dd98  0030dddd        46
  __lsft
                                  0030dd98        46   func ,g         * 
FILE=_mult64
                                  0030dde0  0030de4f        70
  __mult64
                                  0030dde0        70   func ,g         * 
FILE=_power
                                  0030de50  0030dfa3       154
  __power
                                  0030de50       154   func ,g         * 
FILE=_rnd
                                  0030dfa4  0030e08f        ec
  __rnd
                                  0030dfa4        ec   func ,g         * 
FILE=_setsbit
                                  0030e090  0030e113        84
  __setsbit
                                  0030e090        84   func ,g         * 
FILE=_add
                                  0030e114  0030e16f        5c
  __add
                                  0030e114        5c   func ,g         * 
FILE=_mult
                                  0030e170  0030e24b        dc
  __mult
                                  0030e170        dc   func ,g         * 
FILE=_pow10
                                  0030e24c  0030e2e3        98
  __pow10
                                  0030e24c        98   func ,g         * 
FILE=_rsft
                                  0030e2e4  0030e32d        4a
  __rsft
                                  0030e2e4        4a   func ,g         * 

SECTION=C
FILE=C:\Users\leofa\OneDrive\Documents\PycharmProjects\Particule-Casio\Glacial Project\Temp\Compile\Debug\MonochromeLib.obj
                                  0030e330  0030e33f        10
  _sc0135
                                  0030e330        10   data ,g         * 
FILE=C:\Users\leofa\OneDrive\Documents\PycharmProjects\Particule-Casio\Glacial Project\Temp\Compile\Debug\Tutoriel.obj
                                  0030e340  00310253      1f14
  _UUID_04fb0cc8_0298_4fab_bd95_5b8d1db85b17
                                  0030e340        20   data ,l         * 
  _UUID_116d1081_a2c0_43d1_b7bb_81643bad3f94
                                  0030e360       206   data ,l         * 
  _UUID_147e8f31_a962_42f2_8f91_944a89516c5d
                                  0030e566        1c   data ,l         * 
  _UUID_1859a511_f4d6_4999_9994_45e8d497d0df
                                  0030e582        20   data ,l         * 
  _UUID_1d46ef84_3ef2_4f07_9bb6_71ce133c4f77
                                  0030e5a2        50   data ,l         * 
  _UUID_2816f7e2_9f79_4090_ac47_76c08e39325e
                                  0030e5f2        28   data ,l         * 
  _UUID_355aae99_e49f_4a07_b7b8_ecf7673e547c
                                  0030e61a        28   data ,l         * 
  _UUID_3b28f421_9575_4c12_91c4_2c145b435538
                                  0030e642        28   data ,l         * 
  _UUID_52f16e30_b1a8_408e_9664_d6d710303482
                                  0030e66a        e8   data ,l         * 
  _UUID_53848287_45f6_410e_b7f2_b01019c5a1e9
                                  0030e752        28   data ,l         * 
  _UUID_5a4c0419_e520_4bb8_a707_7b59df2255ed
                                  0030e77a        20   data ,l         * 
  _UUID_600cd8e3_41c3_4a5e_8550_1ef2c44147af
                                  0030e79a        28   data ,l         * 
  _UUID_6432dbba_ba4c_4f25_a9d3_15cf97c6e1ea
                                  0030e7c2        28   data ,l         * 
  _UUID_66dca2ab_0a08_43fc_a448_2179f34ad86c
                                  0030e7ea       13b   data ,l         * 
  _UUID_6cc02476_4d75_4e06_b505_3db525f0673d
                                  0030e925        f0   data ,l         * 
  _UUID_76f99faa_8951_464d_9d90_1ea7c1613a87
                                  0030ea15        20   data ,l         * 
  _UUID_7f0a9d09_8937_478e_beda_c09a5dc6790c
                                  0030ea35       578   data ,l         * 
  _UUID_7f68a5a5_ef04_4b1e_8f81_2fd619911c02
                                  0030efad        20   data ,l         * 
  _UUID_8168c15e_9504_4f14_8a4b_8dbd3406ed5a
                                  0030efcd        80   data ,l         * 
  _UUID_91d54c2d_192d_40d2_ac8f_92d2927aa132
                                  0030f04d        3f   data ,l         * 
  _UUID_940f3b9d_a1fe_4c88_842e_6d318b779fee
                                  0030f08c        2d   data ,l         * 
  _UUID_99fdda9e_5f7e_47df_a856_d46d34dafdc8
                                  0030f0b9        28   data ,l         * 
  _UUID_9b63aa6b_0684_4171_a80a_a82e6e29f6ae
                                  0030f0e1        28   data ,l         * 
  _UUID_a1bc752c_94cf_41b4_a8f3_a32ec3d9312b
                                  0030f109        28   data ,l         * 
  _UUID_a2f91cb9_ab69_4a03_8aec_ff6494992895
                                  0030f131       350   data ,l         * 
  _UUID_a790e6b3_c1ad_471e_92e4_89bf7144f584
                                  0030f481        20   data ,l         * 
  _UUID_a9e4b5ab_ecdd_4525_8dbd_dbfaef28a6f6
                                  0030f4a1        28   data ,l         * 
  _UUID_b52215f6_7c53_47f5_846d_cee105076be8
                                  0030f4c9        20   data ,l         * 
  _UUID_baa0cc40_191d_4b08_87ac_920a06dae3d1
                                  0030f4e9        20   data ,l         * 
  _UUID_bfd7e0a7_6527_4f80_90f4_4f0f19ee228c
                                  0030f509        20   data ,l         * 
  _UUID_bff3df74_a4e3_4eb5_8a30_abff758cf5e1
                                  0030f529        ec   data ,l         * 
  _UUID_ca7908c5_01ca_4c1f_ad49_27462e2fe969
                                  0030f615        20   data ,l         * 
  _UUID_db658a5f_21f8_4a9b_9532_80c1baab8550
                                  0030f635        20   data ,l         * 
  _UUID_dc9afec8_2e2e_4996_8271_1ac4cb193c2f
                                  0030f655        28   data ,l         * 
  _UUID_e3fe3204_9c0c_4f64_9ccc_601f5a7d8e56
                                  0030f67d       603   data ,l         * 
  _UUID_e4cf6d14_c9f2_4336_bb03_53529e5e4d6f
                                  0030fc80        28   data ,l         * 
  _UUID_e54063c2_f921_4ff1_a44b_7bc8b892cca3
                                  0030fca8        20   data ,l         * 
  _UUID_e870f483_8f84_44ae_b86c_bb1978372306
                                  0030fcc8        28   data ,l         * 
  _UUID_edab8e79_8622_4f93_9bb9_333dbd4c1055
                                  0030fcf0        20   data ,l         * 
  _UUID_f018f68e_6f34_4b9a_bbc4_9513b3bc17c6
                                  0030fd10        28   data ,l         * 
  _UUID_f0f724e4_cbed_4643_b262_b5a31dde2970
                                  0030fd38        20   data ,l         * 
  _UUID_f5e72803_1505_43a9_9037_9b8670792cdc
                                  0030fd58       250   data ,l         * 
  _UUID_f9063d80_029e_4d13_acab_2a1a33411d34
                                  0030ffa8       225   data ,l         * 
  _UUID_fc44d7a1_e5b7_4f80_883f_985c86fa7507
                                  003101cd        20   data ,l         * 
  _UUID_fcb28c94_39e2_4fa0_94cb_d86a2a8f9ccf
                                  003101ed        3c   data ,l         * 
  _UUID_fd6c944d_3613_486e_a2a8_b1240bc78c4a
                                  00310229        12   data ,l         * 
  _UUID_fe0b8a80_7f4c_4f6a_ba1f_407a83ec431e
                                  0031023b         e   data ,l         * 
FILE=C:\Users\leofa\OneDrive\Documents\PycharmProjects\Particule-Casio\Glacial Project\Temp\Compile\Debug\usefull.obj
                                  00310254  00310283        30
  _sc003b
                                  00310254        10   data ,g         * 
  _sc0015
                                  00310264        10   data ,g         * 
  _sc0248
                                  00310274        10   data ,g         * 
FILE=addin_sct
                                  00313390  003133a3        14
  _B_BGN
                                  00313390         0   none ,g         * 
  _B_END
                                  00313394         0   none ,g         * 
  _R_BGN
                                  00313398         0   none ,g         * 
  _R_END
                                  0031339c         0   none ,g         * 
  _D_ROM
                                  003133a0         0   none ,g         * 
FILE=_ctype
                                  003133a4  003134a3       100
  __ctype
                                  003133a4       100   data ,g         * 
FILE=_its
                                  003134a4  0031352b        88
  _table$246
                                  003134a4        88   data ,l         * 
FILE=_pow5
                                  0031352c  0031360b        e0
  _w$238
                                  0031352c        e0   data ,l         * 
FILE=_power
                                  0031360c  003136ab        a0
  _conmnts$251
                                  0031360c        80   data ,l         * 
  _conexp$252
                                  0031368c        20   data ,l         * 

SECTION=C$VTBL
FILE=C:\Users\leofa\OneDrive\Documents\PycharmProjects\Particule-Casio\Glacial Project\Temp\Compile\Debug\ParticuleEngine.obj
                                  00313f94  0031558f      15fc
  ___vtbl__6Object
                                  00313f94        24   data ,l         * 
  ___vtbl__9Component
                                  00313fb8       114   data ,l         * 
  virtual function table for Transform
                                  003140cc       114   data ,g         * 
  ___vtbl__9Behaviour
                                  003141e0       114   data ,l         * 
  ___vtbl__13MonoBehaviour
                                  003142f4       114   data ,l         * 
  ___vtbl__10GameObject
                                  00314408        24   data ,l         * 
  virtual function table for Rigidbody
                                  0031442c       114   data ,g         * 
  virtual function table for BoxCollider2D
                                  00314540       114   data ,g         * 
  virtual function table for Tilemap
                                  00314654       114   data ,g         * 
  virtual function table for AllFightGolem
                                  00314768       114   data ,g         * 
  virtual function table for BallGolem
                                  0031487c       114   data ,g         * 
  virtual function table for ChangeSceneTrigger
                                  00314990       114   data ,g         * 
  virtual function table for Curseur
                                  00314aa4       114   data ,g         * 
  virtual function table for Dialogue1
                                  00314bb8       114   data ,g         * 
  virtual function table for GameManagerCible
                                  00314ccc       114   data ,g         * 
  virtual function table for MainMenu
                                  00314de0       114   data ,g         * 
  virtual function table for PlayerController
                                  00314ef4       114   data ,g         * 
  virtual function table for RoomCible
                                  00315008       114   data ,g         * 
  ___vtbl__7Texture
                                  0031511c        24   data ,l         * 
  ___vtbl__6Camera
                                  00315140       114   data ,l         * 
  virtual function table for Sprite
                                  00315254       114   data ,g         * 
  virtual function table for Text
                                  00315368       114   data ,g         * 
  virtual function table for Image
                                  0031547c       114   data ,g         * 
FILE=typeinfo
                                  00315590  003155a7        18
  virtual function table for std::type_info
                                  00315590        18   data ,g         * 

SECTION=B_BR_Size
FILE=C:\Users\leofa\OneDrive\Documents\PycharmProjects\Particule-Casio\Glacial Project\Temp\Compile\Debug\Tutoriel.obj
                                  08100000  08100003         4
  _BR_Size
                                  08100000         4   data ,g         * 

SECTION=B
FILE=C:\Users\leofa\OneDrive\Documents\PycharmProjects\Particule-Casio\Glacial Project\Temp\Compile\Debug\Tutoriel.obj
                                  08100004  0810000b         8
  ___T32000448$299
                                  08100004         4   data ,l         * 
  ___4528_26_sceneManager$300
                                  08100008         4   data ,l         * 
FILE=C:\Users\leofa\OneDrive\Documents\PycharmProjects\Particule-Casio\Glacial Project\Temp\Compile\Debug\ParticuleEngine.obj
                                  0810000c  08100022        17
  ___TID_6Object
                                  0810000c         1   data ,l         * 
  ___TID_9Component
                                  0810000d         1   data ,l         * 
  ___TID_9Transform
                                  0810000e         1   data ,l         * 
  ___TID_9Behaviour
                                  0810000f         1   data ,l         * 
  ___TID_7Texture
                                  08100010         1   data ,l         * 
  ___TID_13MonoBehaviour
                                  08100011         1   data ,l         * 
  ___TID_10GameObject
                                  08100012         1   data ,l         * 
  ___TID_6Camera
                                  08100013         1   data ,l         * 
  ___TID_5Image
                                  08100014         1   data ,l         * 
  ___TID_6Sprite
                                  08100015         1   data ,l         * 
  ___TID_9Rigidbody
                                  08100016         1   data ,l         * 
  ___TID_13BoxCollider2D
                                  08100017         1   data ,l         * 
  ___TID_4Text
                                  08100018         1   data ,l         * 
  ___TID_7Tilemap
                                  08100019         1   data ,l         * 
  ___TID_13AllFightGolem
                                  0810001a         1   data ,l         * 
  ___TID_9BallGolem
                                  0810001b         1   data ,l         * 
  ___TID_18ChangeSceneTrigger
                                  0810001c         1   data ,l         * 
  ___TID_7Curseur
                                  0810001d         1   data ,l         * 
  ___TID_9Dialogue1
                                  0810001e         1   data ,l         * 
  ___TID_16GameManagerCible
                                  0810001f         1   data ,l         * 
  ___TID_8MainMenu
                                  08100020         1   data ,l         * 
  ___TID_16PlayerController
                                  08100021         1   data ,l         * 
  ___TID_9RoomCible
                                  08100022         1   data ,l         * 
FILE=typeinfo
                                  08100024  08100026         3
  type identifier for std::bad_cast
                                  08100024         1   data ,g         * 
  type identifier for std::type_info
                                  08100025         1   data ,g         * 
  type identifier for std::bad_typeid
                                  08100026         1   data ,g         * 
FILE=_errno
                                  08100028  0810002b         4
  __errno
                                  08100028         4   data ,g         * 

SECTION=R
FILE=C:\Users\leofa\OneDrive\Documents\PycharmProjects\Particule-Casio\Glacial Project\Temp\Compile\Debug\time.obj
                                  0810002c  0810003b        10
  _SysCallCode
                                  0810002c         c   data ,l         * 
  _SysCall
                                  08100038         4   data ,l         * 
FILE=C:\Users\leofa\OneDrive\Documents\PycharmProjects\Particule-Casio\Glacial Project\Temp\Compile\Debug\ParticuleEngine.obj
                                  0810003c  081008f3       8b8
  ___T33060128
                                  0810003c         c   data ,l         * 
  ___T33061600
                                  08100048         c   data ,l         * 
  ___T33063156
                                  08100054         c   data ,l         * 
  ___T33064620
                                  08100060         c   data ,l         * 
  ___T33066184
                                  0810006c         c   data ,l         * 
  ___T33067740
                                  08100078         c   data ,l         * 
  ___T33069204
                                  08100084         c   data ,l         * 
  ___T33070668
                                  08100090         c   data ,l         * 
  ___T33072132
                                  0810009c         c   data ,l         * 
  ___T33073604
                                  081000a8         c   data ,l         * 
  ___T33075084
                                  081000b4         c   data ,l         * 
  ___T33076544
                                  081000c0         c   data ,l         * 
  ___T33078008
                                  081000cc         c   data ,l         * 
  ___T33079488
                                  081000d8         c   data ,l         * 
  ___T33080960
                                  081000e4         c   data ,l         * 
  ___T33082448
                                  081000f0         c   data ,l         * 
  ___T33083912
                                  081000fc         c   data ,l         * 
  ___T33085384
                                  08100108         c   data ,l         * 
  ___T33086872
                                  08100114         c   data ,l         * 
  ___T33088340
                                  08100120         c   data ,l         * 
  ___T33089828
                                  0810012c         c   data ,l         * 
  ___T33091300
                                  08100138         c   data ,l         * 
  ___T_6Object
                                  08100144        10   data ,l         * 
  ___T_9Component
                                  08100154        10   data ,l         * 
  typeinfo for Transform
                                  08100164        10   data ,g         * 
  ___T_9Behaviour
                                  08100174        10   data ,l         * 
  ___T_7Texture
                                  08100184        10   data ,l         * 
  ___T_13MonoBehaviour
                                  08100194        10   data ,l         * 
  ___T_10GameObject
                                  081001a4        10   data ,l         * 
  ___T_6Camera
                                  081001b4        10   data ,l         * 
  typeinfo for Image
                                  081001c4        10   data ,g         * 
  typeinfo for Sprite
                                  081001d4        10   data ,g         * 
  typeinfo for Rigidbody
                                  081001e4        10   data ,g         * 
  typeinfo for BoxCollider2D
                                  081001f4        10   data ,g         * 
  typeinfo for Text
                                  08100204        10   data ,g         * 
  typeinfo for Tilemap
                                  08100214        10   data ,g         * 
  typeinfo for AllFightGolem
                                  08100224        10   data ,g         * 
  typeinfo for BallGolem
                                  08100234        10   data ,g         * 
  typeinfo for ChangeSceneTrigger
                                  08100244        10   data ,g         * 
  typeinfo for Curseur
                                  08100254        10   data ,g         * 
  typeinfo for Dialogue1
                                  08100264        10   data ,g         * 
  typeinfo for GameManagerCible
                                  08100274        10   data ,g         * 
  typeinfo for MainMenu
                                  08100284        10   data ,g         * 
  typeinfo for PlayerController
                                  08100294        10   data ,g         * 
  typeinfo for RoomCible
                                  081002a4        10   data ,g         * 
  ___3602_12_UUID_fbe0964f_80f0_4bb3_9701_3928fd378215_TilemapDatas$1876
                                  081002b4       640   data ,l         * 
FILE=C:\Users\leofa\Applications\CASIO\fx9860 Dev Kit\OS\FX\lib\setup.obj
                                  081008f4  081008f7         4
  _gb_OnAppClose
                                  081008f4         4   data ,g         * 
FILE=typeinfo
                                  081008f8  08100907        10
  typeinfo for std::type_info
                                  081008f8        10   data ,g         * 
FILE=new_cnst
                                  08100908  0810090b         4
  __ec2p_new_handler
                                  08100908         4   data ,g         * 
FILE=vars
                                  0810090c  08100913         8
  __new_handler
                                  0810090c         4   data ,g         * 
  ___head
                                  08100910         4   data ,g         * 

Absolute value symbols
FILE=__divls
  zerodiv
                                  0000044e         0   none ,l         * 
FILE=__modls
  zerodiv
                                  0000044e         0   none ,l         * 
FILE=_Bdel_cychdr
  __JumpTableTOP
                                  80010070         0   none ,l         * 
FILE=_BfileFLS_CloseFile
  __JumpTableTOP
                                  80010070         0   none ,l         * 
FILE=_Bkey_Set_RepeatTime_Default
  __JumpTableTOP
                                  80010070         0   none ,l         * 
FILE=_CallbackAtQuitMainFunction
  __JumpTableTOP
                                  80010070         0   none ,l         * 
FILE=_flsFindClose
  __JumpTableTOP
                                  80010070         0   none ,l         * 
FILE=_free
  __JumpTableTOP
                                  80010070         0   none ,l         * 
FILE=_getkey
  __JumpTableTOP
                                  80010070         0   none ,l         * 
FILE=_GLibAddinAplExecutionCheck
  __JumpTableTOP
                                  80010070         0   none ,l         * 
FILE=_Hmem_SetMMU
  __JumpTableTOP
                                  80010070         0   none ,l         * 
FILE=_malloc
  __JumpTableTOP
                                  80010070         0   none ,l         * 
FILE=_Bcre_cychdr
  __JumpTableTOP
                                  80010070         0   none ,l         * 
FILE=_BSrl_DummyWAIT
  __JumpTableTOP
                                  80010070         0   none ,l         * 
FILE=_Bsta_cychdr
  __JumpTableTOP
                                  80010070         0   none ,l         * 
FILE=_Bstp_cychdr
  __JumpTableTOP
                                  80010070         0   none ,l         * 
FILE=_DD_GET
  __JumpTableTOP
                                  80010070         0   none ,l         * 
FILE=_locate
  __JumpTableTOP
                                  80010070         0   none ,l         * 
FILE=_PrintMiniSd
  __JumpTableTOP
                                  80010070         0   none ,l         * 
FILE=__divlu
  zerodiv
                                  0000044e         0   none ,l         * 
FILE=__modlu
  zerodiv
                                  0000044e         0   none ,l         * 
FILE=__divws
  zerodiv
                                  0000044e         0   none ,l         * 

*** Delete Symbols ***

SYMBOL                                SIZE    INFO

*** Variable Accessible with Abs8 ***

SYMBOL                                SIZE    COUNTS  OPTIMIZE

*** Variable Accessible with Abs16 ***

SYMBOL                                SIZE    COUNTS  OPTIMIZE

*** Function Call ***

SYMBOL                              COUNTS  OPTIMIZE
