Hitachi Optimizing Linkage Editor (Ver. 7.1.03.000)08-Nov-2021 00:35:43

*** Options ***

-subcommand=C:\Users\leofa\AppData\Local\Temp\hmkD2D6.tmp
noprelink
sdebug
rom D=R
nomessage
list "C:\Users\leofa\OneDrive\Documents\PycharmProjects\Particule-Casio\Particule\lib\Moteur\SDK Graph 75 85 95\Debug\FXADDINror.map"
show symbol
nooptimize
start P_TOP,P,C,D,C$VTBL,C$INIT/0300200,B_BR_Size,B,R/08100000
fsymbol P
nologo
input "C:\Users\leofa\OneDrive\Documents\PycharmProjects\Particule-Casio\Particule\lib\Moteur\SDK Graph 75 85 95\Debug\MonochromeLib.obj" "C:\Users\leofa\OneDrive\Documents\PycharmProjects\Particule-Casio\Particule\lib\Moteur\SDK Graph 75 85 95\Debug\time.obj" "C:\Users\leofa\OneDrive\Documents\PycharmProjects\Particule-Casio\Particule\lib\Moteur\SDK Graph 75 85 95\Debug\Tutoriel.obj" "C:\Users\leofa\OneDrive\Documents\PycharmProjects\Particule-Casio\Particule\lib\Moteur\SDK Graph 75 85 95\Debug\usefull.obj"
input "C:\Users\leofa\Applications\CASIO\fx9860 Dev Kit\OS\FX\lib\setup.obj"
library "C:\Users\leofa\Applications\CASIO\fx9860 Dev Kit\OS\FX\lib\fx9860G_library.lib"
output "C:\Users\leofa\OneDrive\Documents\PycharmProjects\Particule-Casio\Particule\lib\Moteur\SDK Graph 75 85 95\Debug\FXADDINror.abs"
-nomessage=1100
end

*** Error information ***

*** Mapping List ***

SECTION                            START      END         SIZE   ALIGN

P_TOP
                                  00300200  0030020b         c   4
P
                                  0030020c  0030451f      4314   4
C
                                  00304520  00304573        54   4
D
                                  00304574  00304593        20   4
B_BR_Size
                                  08100000  08100003         4   4
B
                                  08100004  08100007         4   4
R
                                  08100008  08100027        20   4

*** Symbol List ***

SECTION=
FILE=                               START        END    SIZE
  SYMBOL                            ADDR        SIZE    INFO      COUNTS  OPT

SECTION=P_TOP
FILE=C:\Users\leofa\OneDrive\Documents\PycharmProjects\Particule-Casio\Particule\lib\Moteur\SDK Graph 75 85 95\Debug\Tutoriel.obj
                                  00300200  0030020b         c
  _InitializeSystem
                                  00300200         c   func ,g         * 

SECTION=P
FILE=C:\Users\leofa\OneDrive\Documents\PycharmProjects\Particule-Casio\Particule\lib\Moteur\SDK Graph 75 85 95\Debug\MonochromeLib.obj
                                  0030020c  00302d27      2b1c
  _ML_clear_vram
                                  0030020c        5e   func ,g         * 
  _ML_clear_screen
                                  0030026a        3a   func ,g         * 
  _ML_display_vram
                                  003002a4        4c   func ,g         * 
  _ML_set_contrast
                                  003002f0         c   func ,g         * 
  _ML_get_contrast
                                  003002fc        1c   func ,g         * 
  _ML_pixel
                                  00300318        8e   func ,g         * 
  _ML_point
                                  003003a6        6e   func ,g         * 
  _ML_pixel_test
                                  00300414        6a   func ,g         * 
  _ML_line
                                  0030047e        da   func ,g         * 
  _ML_horizontal_line
                                  00300558       2ae   func ,g         * 
  _ML_vertical_line
                                  00300806       13a   func ,g         * 
  _ML_rectangle
                                  00300940        fc   func ,g         * 
  _ML_polygon
                                  00300a3c        74   func ,g         * 
  _ML_filled_polygon_quicksord_partition
                                  00300ab0        62   func ,l         * 
  _ML_filled_polygon_quicksord
                                  00300b12        3e   func ,l         * 
  _ML_filled_polygon
                                  00300b50       260   func ,g         * 
  _ML_circle
                                  00300db0        f2   func ,g         * 
  _ML_filled_circle
                                  00300ea2        b2   func ,g         * 
  _ML_ellipse
                                  00300f54       2b2   func ,g         * 
  _ML_ellipse_in_rect
                                  00301206        58   func ,g         * 
  _ML_filled_ellipse
                                  0030125e       2bc   func ,g         * 
  _ML_filled_ellipse_in_rect
                                  0030151a        58   func ,g         * 
  _ML_horizontal_scroll
                                  00301572       138   func ,g         * 
  _ML_vertical_scroll
                                  003016aa        92   func ,g         * 
  _ML_bmp_or
                                  0030173c       166   func ,g         * 
  _ML_bmp_and
                                  003018a2       176   func ,g         * 
  _ML_bmp_xor
                                  00301a18       164   func ,g         * 
  _ML_bmp_or_cl
                                  00301b7c       24e   func ,g         * 
  _ML_bmp_and_cl
                                  00301dca       25a   func ,g         * 
  _ML_bmp_xor_cl
                                  00302024       24e   func ,g         * 
  _ML_bmp_8_or
                                  00302272        bc   func ,g         * 
  _ML_bmp_8_and
                                  0030232e        c6   func ,g         * 
  _ML_bmp_8_xor
                                  003023f4        be   func ,g         * 
  _ML_bmp_8_or_cl
                                  003024b2        ee   func ,g         * 
  _ML_bmp_8_and_cl
                                  003025a0        ee   func ,g         * 
  _ML_bmp_8_xor_cl
                                  0030268e        ee   func ,g         * 
  _ML_bmp_16_or
                                  0030277c        ca   func ,g         * 
  _ML_bmp_16_and
                                  00302846        ce   func ,g         * 
  _ML_bmp_16_xor
                                  00302914        d0   func ,g         * 
  _ML_bmp_16_or_cl
                                  003029e4       112   func ,g         * 
  _ML_bmp_16_and_cl
                                  00302af6       11a   func ,g         * 
  _ML_bmp_16_xor_cl
                                  00302c10       118   func ,g         * 
FILE=C:\Users\leofa\OneDrive\Documents\PycharmProjects\Particule-Casio\Particule\lib\Moteur\SDK Graph 75 85 95\Debug\time.obj
                                  00302d28  00302d47        20
  _getTicks
                                  00302d28        20   func ,g         * 
FILE=C:\Users\leofa\OneDrive\Documents\PycharmProjects\Particule-Casio\Particule\lib\Moteur\SDK Graph 75 85 95\Debug\Tutoriel.obj
                                  00302d48  003031b3       46c
  LenChar(char *)
                                  00302d48       174   func ,g         * 
  mod(int, int)
                                  00302d56        1a   func ,g         * 
  LoadScene(Scene *, int)
                                  00302d70        84   func ,g         * 
  FindWithName(unsigned char *, GameObject *)
                                  00302df4        12   func ,g         * 
  _main
                                  00302e06        96   func ,g         * 
  _AddIn_main
                                  00302e9c        20   func ,g         * 
  GameObject::_$IsActive()
                                  00302ebc        38   func ,l         * 
  GameObject::_$Update()
                                  00302ef4        5e   func ,l         * 
  GameObject::_$Start()
                                  00302f52        5e   func ,l         * 
  Node<T1> *List<T1>::_$get_node(int) [with T1=Component *]
                                  00302fb0        1a   func ,l         * 
  T1 List<T1>::_$get(int) [with T1=Component *]
                                  00302fca        20   func ,l         * 
  Scene::_$Update()
                                  00302fea        26   func ,l         * 
  Scene::_$Start()
                                  00303010        26   func ,l         * 
  Node<T1> *List<T1>::_$get_node(int) [with T1=GameObject *]
                                  00303036        16   func ,l         * 
  T1 List<T1>::_$get(int) [with T1=GameObject *]
                                  0030304c        20   func ,l         * 
  SceneManager::_$FindWithName(unsigned char *)
                                  0030306c        74   func ,l         * 
  SceneManager::_$UpdateScene()
                                  003030e0        28   func ,l         * 
  SceneManager::_$StartScene()
                                  00303108        28   func ,l         * 
  SceneManager::_$GetSceneInBuild(int)
                                  00303130        4a   func ,l         * 
  Node<T1> *List<T1>::_$get_node(int) [with T1=Scene *]
                                  0030317a        16   func ,l         * 
  T1 List<T1>::_$get(int) [with T1=Scene *]
                                  00303190        24   func ,l         * 
FILE=C:\Users\leofa\OneDrive\Documents\PycharmProjects\Particule-Casio\Particule\lib\Moteur\SDK Graph 75 85 95\Debug\usefull.obj
                                  003031b4  003033df       22c
  _OSVersionAsInt
                                  003031b4        3a   func ,g         * 
  _GetKeyMod
                                  003031ee        3e   func ,g         * 
  ___T24658540$254
                                  0030321e         0   none ,l         * 
  _delay
                                  0030322c        10   func ,g         * 
  _CheckKeyRow
                                  0030323c        f0   func ,g         * 
  _KeyDown
                                  0030332c        b4   func ,g         * 
FILE=C:\Users\leofa\Applications\CASIO\fx9860 Dev Kit\OS\FX\lib\setup.obj
                                  003033e0  003034fb       11c
  ___LINK_PROTECT
                                  003033e0         4   func ,g         * 
  _SetQuitHandler
                                  003033e4         6   func ,g         * 
  _OnAppCloseDefault
                                  003033ea        54   func ,g         * 
  __INITSCT_ADDIN
                                  0030343e        48   func ,g         * 
  _INIT_ADDIN_APPLICATION
                                  00303486        76   func ,g         * 
FILE=r_addd
                                  003034fc  0030388b       390
  __subd
                                  003034fc         0   none ,g         * 
  __subdr
                                  00303514         0   none ,g         * 
  exception1
                                  0030352c         0   none ,l         * 
  return_NaN
                                  00303540         0   none ,l         * 
  return_inf
                                  00303548         0   none ,l         * 
  exception2
                                  0030354c         0   none ,l         * 
  p2_denorm_check
                                  00303560         0   none ,l         * 
  p1_denorm
                                  0030356c         0   none ,l         * 
  return_p2
                                  00303578         0   none ,l         * 
  return_p1
                                  00303580         0   none ,l         * 
  p1_normalize
                                  0030358e         0   none ,l         * 
  p1_norm_loop
                                  00303598         0   none ,l         * 
  end_p1_norm
                                  003035a2         0   none ,l         * 
  p2_normalize
                                  003035a2         0   none ,l         * 
  p2_norm_loop
                                  003035ac         0   none ,l         * 
  end_p2_norm
                                  003035b6         0   none ,l         * 
  swap_end
                                  003035be         0   none ,l         * 
  return_zero
                                  003035c2         0   none ,l         * 
  __addd
                                  003035cc         0   none ,g         * 
  sub_in
                                  003035de         0   none ,l         * 
  rotation
                                  003035fe         0   none ,l         * 
  exception_return
                                  0030362a         0   none ,l         * 
  sftr1
                                  0030366c         0   none ,l         * 
  e_sftr31
                                  00303670         0   none ,l         * 
  e_sftr55
                                  00303696         0   none ,l         * 
  sftr_loop
                                  0030369c         0   none ,l         * 
  end_sftr
                                  003036a4         0   none ,l         * 
  mantissa_sub
                                  003036c8         0   none ,l         * 
  man_sub1
                                  003036d0         0   none ,l         * 
  normalize
                                  003036de         0   none ,l         * 
  norm32_end
                                  003036e8         0   none ,l         * 
  norm16_end
                                  003036f8         0   none ,l         * 
  over_norm
                                  003036fe         0   none ,l         * 
  overnorm_end
                                  0030372a         0   none ,l         * 
  norm_loop
                                  00303730         0   none ,l         * 
  end_calc
                                  00303758         0   none ,l         * 
  end_norm
                                  00303758         0   none ,l         * 
  denormalize_loop
                                  00303760         0   none ,l         * 
  round
                                  00303768         0   none ,l         * 
  end_denormal
                                  00303768         0   none ,l         * 
  round_carry
                                  00303780         0   none ,l         * 
  end_round
                                  00303786         0   none ,l         * 
  return_value
                                  00303786         0   none ,l         * 
  return
                                  003037a4         0   none ,l         * 
  plus_zero
                                  003037c4         0   none ,l         * 
  swap
                                  003037ce         0   none ,l         * 
  EXP_INF
                                  003037e8         0   none ,l         * 
  MMASK
                                  003037ec         0   none ,l         * 
  MSB
                                  003037f0         0   none ,l         * 
  LOWMASK
                                  003037f4         0   none ,l         * 
  CARRY_CHECK
                                  003037f8         0   none ,l         * 
  NORMAL
                                  003037fc         0   none ,l         * 
  SIGN
                                  00303800         0   none ,l         * 
  HALF
                                  00303804         0   none ,l         * 
  sftrtbl
                                  00303808         0   none ,l         * 
FILE=r_adds
                                  0030388c  00303af7       26c
  __subs
                                  0030388c         0   none ,g         * 
  __adds
                                  00303892         0   none ,g         * 
  rotation
                                  003038ac         0   none ,l         * 
  exception_return
                                  003038d6         0   none ,l         * 
  label
                                  003038f6         0   none ,l         * 
  e_sftr26
                                  003038fa         0   none ,l         * 
  or_sticky
                                  003038fe         0   none ,l         * 
  end_sftr
                                  00303904         0   none ,l         * 
  mantissa_sub
                                  0030391e         0   none ,l         * 
  normalize
                                  00303928         0   none ,l         * 
  n_sftl_8
                                  0030393e         0   none ,l         * 
  n_sftl_4
                                  0030394a         0   none ,l         * 
  n_sftl_2
                                  00303958         0   none ,l         * 
  n_sftl_1
                                  00303960         0   none ,l         * 
  normal
                                  00303968         0   none ,l         * 
  end_calc
                                  0030396a         0   none ,l         * 
  denormalize_loop
                                  00303972         0   none ,l         * 
  end_denormal
                                  00303978         0   none ,l         * 
  round_carry
                                  00303988         0   none ,l         * 
  end_round
                                  0030398c         0   none ,l         * 
  return_value
                                  0030398c         0   none ,l         * 
  return
                                  0030399a         0   none ,l         * 
  exception1
                                  003039a8         0   none ,l         * 
  return_NaN
                                  003039b6         0   none ,l         * 
  return_inf
                                  003039bc         0   none ,l         * 
  exception2
                                  003039c0         0   none ,l         * 
  p2_denorm_check
                                  003039cc         0   none ,l         * 
  p1_denorm
                                  003039d4         0   none ,l         * 
  p1_norm_loop
                                  003039dc         0   none ,l         * 
  end_p1_norm
                                  003039e2         0   none ,l         * 
  p2_normalize
                                  003039e2         0   none ,l         * 
  p2_norm_loop
                                  003039e6         0   none ,l         * 
  end_p2_norm
                                  003039ec         0   none ,l         * 
  plus_zero
                                  003039f0         0   none ,l         * 
  return_zero
                                  003039f2         0   none ,l         * 
  return_parm1
                                  003039f8         0   none ,l         * 
  e_sftr7
                                  00303a00         0   none ,l         * 
  e_sftr5
                                  00303a02         0   none ,l         * 
  e_sftr3
                                  00303a04         0   none ,l         * 
  e_sftr1
                                  00303a06         0   none ,l         * 
  e_sftr6
                                  00303a0a         0   none ,l         * 
  e_sftr4
                                  00303a0c         0   none ,l         * 
  e_sftr2
                                  00303a0e         0   none ,l         * 
  e_sftr15
                                  00303a12         0   none ,l         * 
  e_sftr13
                                  00303a16         0   none ,l         * 
  e_sftr11
                                  00303a1a         0   none ,l         * 
  e_sftr9
                                  00303a1e         0   none ,l         * 
  e_sftr14
                                  00303a28         0   none ,l         * 
  e_sftr12
                                  00303a2c         0   none ,l         * 
  e_sftr10
                                  00303a30         0   none ,l         * 
  e_sftr8
                                  00303a34         0   none ,l         * 
  e_sftr23
                                  00303a3a         0   none ,l         * 
  e_sftr21
                                  00303a3e         0   none ,l         * 
  e_sftr19
                                  00303a42         0   none ,l         * 
  e_sftr17
                                  00303a46         0   none ,l         * 
  e_sftr22
                                  00303a50         0   none ,l         * 
  e_sftr20
                                  00303a54         0   none ,l         * 
  e_sftr18
                                  00303a58         0   none ,l         * 
  e_sftr16
                                  00303a5c         0   none ,l         * 
  e_sftr25
                                  00303a62         0   none ,l         * 
  e_sftr24
                                  00303a70         0   none ,l         * 
  a_sftrtbl
                                  00303a7c         0   none ,l         * 
  EXP_INF
                                  00303ae4         0   none ,l         * 
  HALF
                                  00303ae8         0   none ,l         * 
  LRS
                                  00303aec         0   none ,l         * 
  MAN_1
                                  00303af0         0   none ,l         * 
  NaN
                                  00303af4         0   none ,l         * 
FILE=r_dtoi
                                  00303af8  00303b83        8c
  __dtou
                                  00303af8         0   none ,g         * 
  __dtoi
                                  00303af8         0   none ,g         * 
  loop_sftl
                                  00303b38         0   none ,l         * 
  shift_low
                                  00303b42         0   none ,l         * 
  shift_low1
                                  00303b4a         0   none ,l         * 
  shift_r
                                  00303b54         0   none ,l         * 
  shift_r1
                                  00303b56         0   none ,l         * 
  end_shift
                                  00303b5c         0   none ,l         * 
  return
                                  00303b62         0   none ,l         * 
  end_nagate
                                  00303b62         0   none ,l         * 
  return_zero
                                  00303b70         0   none ,l         * 
  EXP_INF
                                  00303b74         0   none ,l         * 
  MMASK
                                  00303b78         0   none ,l         * 
  MSB
                                  00303b7c         0   none ,l         * 
  BIAS
                                  00303b80         0   none ,l         * 
FILE=r_dtos
                                  00303b84  00303c5f        dc
  __dtos
                                  00303b84         0   none ,g         * 
  end_sticky
                                  00303bda         0   none ,l         * 
  denormalize_loop
                                  00303be2         0   none ,l         * 
  end_denormal
                                  00303bec         0   none ,l         * 
  round_carry
                                  00303bfc         0   none ,l         * 
  end_round
                                  00303c00         0   none ,l         * 
  return
                                  00303c10         0   none ,l         * 
  exception
                                  00303c1e         0   none ,l         * 
  return_inf
                                  00303c26         0   none ,l         * 
  return_NaN
                                  00303c2e         0   none ,l         * 
  return_zero
                                  00303c34         0   none ,l         * 
  EXP_INF
                                  00303c3c         0   none ,l         * 
  MMASK
                                  00303c40         0   none ,l         * 
  SMASK
                                  00303c44         0   none ,l         * 
  DEF_BIAS
                                  00303c48         0   none ,l         * 
  MSB
                                  00303c4c         0   none ,l         * 
  INFS
                                  00303c50         0   none ,l         * 
  CARRY_CHECK
                                  00303c54         0   none ,l         * 
  RET_INF
                                  00303c58         0   none ,l         * 
  NaN
                                  00303c5c         0   none ,l         * 
FILE=r_gtd
                                  00303c60  00303d07        a8
  __gtd
                                  00303c60         0   none ,g         * 
  exception_return1
                                  00303c92         0   none ,l         * 
  exception_return2
                                  00303c96         0   none ,l         * 
  exception_return3
                                  00303c9a         0   none ,l         * 
  minus
                                  00303cac         0   none ,l         * 
  sign_def
                                  00303cb4         0   none ,l         * 
  return
                                  00303cb8         0   none ,l         * 
  exception1
                                  00303ccc         0   none ,l         * 
  exception2
                                  00303cd8         0   none ,l         * 
  exception3
                                  00303ce4         0   none ,l         * 
  false
                                  00303cfc         0   none ,l         * 
  EXP_INF
                                  00303d00         0   none ,l         * 
  MMASK
                                  00303d04         0   none ,l         * 
FILE=r_itod
                                  00303d08  00303d5b        54
  __itod
                                  00303d08         0   none ,g         * 
  end_negate
                                  00303d1c         0   none ,l         * 
  sftl_loop
                                  00303d1e         0   none ,l         * 
  return
                                  00303d40         0   none ,l         * 
  return_zero
                                  00303d50         0   none ,l         * 
  EXP_32
                                  00303d58         0   none ,l         * 
FILE=r_itos
                                  00303d5c  00303db3        58
  __itos
                                  00303d5c         0   none ,g         * 
  end_negate
                                  00303d70         0   none ,l         * 
  sftl_loop
                                  00303d72         0   none ,l         * 
  end_round
                                  00303d8e         0   none ,l         * 
  return_value
                                  00303d8e         0   none ,l         * 
  return_zero
                                  00303da4         0   none ,l         * 
  EXP_32
                                  00303da8         0   none ,l         * 
  LRS
                                  00303dac         0   none ,l         * 
  MAN_1
                                  00303db0         0   none ,l         * 
FILE=r_lts
                                  00303db4  00303e2b        78
  __lts
                                  00303db4         0   none ,g         * 
  exception_return1
                                  00303dd8         0   none ,l         * 
  exception_return2
                                  00303ddc         0   none ,l         * 
  exception_return3
                                  00303de0         0   none ,l         * 
  minus
                                  00303dee         0   none ,l         * 
  sign_def
                                  00303df4         0   none ,l         * 
  return
                                  00303df8         0   none ,l         * 
  exception1
                                  00303e04         0   none ,l         * 
  exception2
                                  00303e0c         0   none ,l         * 
  exception3
                                  00303e14         0   none ,l         * 
  false
                                  00303e24         0   none ,l         * 
  EXP_INF
                                  00303e28         0   none ,l         * 
FILE=r_muld
                                  00303e2c  0030403f       214
  exception1
                                  00303e2c         0   none ,l         * 
  parm2_NaN_check
                                  00303e48         0   none ,l         * 
  exception2
                                  00303e54         0   none ,l         * 
  exception3
                                  00303e6c         0   none ,l         * 
  ex3
                                  00303e78         0   none ,l         * 
  p1_norm_loop
                                  00303e82         0   none ,l         * 
  end_p1_norm
                                  00303e8c         0   none ,l         * 
  exception4
                                  00303e90         0   none ,l         * 
  ex4
                                  00303e9c         0   none ,l         * 
  p2_norm_loop
                                  00303ea6         0   none ,l         * 
  end_p2_norm
                                  00303eb0         0   none ,l         * 
  return_zero
                                  00303eb4         0   none ,l         * 
  return_inf
                                  00303ebe         0   none ,l         * 
  return_NaN
                                  00303ec6         0   none ,l         * 
  __muld
                                  00303ed0         0   none ,g         * 
  exception_return3
                                  00303f26         0   none ,l         * 
  exception_return4
                                  00303f2a         0   none ,l         * 
  mul_man1
                                  00303f6c         0   none ,l         * 
  end_normalize
                                  00303f90         0   none ,l         * 
  end_sticky
                                  00303f96         0   none ,l         * 
  denormalize_loop
                                  00303f9e         0   none ,l         * 
  round_denormal
                                  00303faa         0   none ,l         * 
  end_round_d
                                  00303fc0         0   none ,l         * 
  end_denormal
                                  00303fc4         0   none ,l         * 
  round_carry
                                  00303fd6         0   none ,l         * 
  end_round
                                  00303fdc         0   none ,l         * 
  return_value
                                  00303fdc         0   none ,l         * 
  return
                                  00303ffa         0   none ,l         * 
  EXP_INF
                                  00304028         0   none ,l         * 
  MMASK
                                  0030402c         0   none ,l         * 
  MSB
                                  00304030         0   none ,l         * 
  CARRY_CHECK
                                  00304034         0   none ,l         * 
  BIAS
                                  00304038         0   none ,l         * 
  DEN_CARRY
                                  0030403c         0   none ,l         * 
FILE=__divls
                                  00304040  003040f3        b4
  __divls
                                  00304040         0   none ,g         * 
  divls_zero
                                  003040de         0   none ,l         * 
  A_errno
                                  003040ec         0   none ,l         * 
  n_zerono
                                  003040f0         0   none ,l         * 
FILE=__modls
                                  003040f4  003041bb        c8
  __modls
                                  003040f4         0   none ,g         * 
  modls_L
                                  0030419a         0   none ,l         * 
  modls_zero
                                  003041a6         0   none ,l         * 
  A_errno
                                  003041b4         0   none ,l         * 
  n_zerono
                                  003041b8         0   none ,l         * 
FILE=abs
                                  003041bc  003041c9         e
  _abs
                                  003041bc         e   func ,g         * 
FILE=memcpy
                                  003041cc  00304289        be
  _memcpy
                                  003041cc        be   func ,g         * 
FILE=memzero
                                  0030428c  0030429f        14
  ___memzero
                                  0030428c        14   func ,g         * 
FILE=new
                                  003042a0  00304313        74
  operator new(unsigned long)
                                  003042a0        74   func ,g         * 
FILE=strlen
                                  00304314  00304323        10
  _strlen
                                  00304314        10   func ,g         * 
FILE=_Bdel_cychdr
                                  00304324  00304333        10
  _Bdel_cychdr
                                  00304324         0   none ,g         * 
FILE=_BfileFLS_CloseFile
                                  00304334  00304343        10
  _BfileFLS_CloseFile
                                  00304334         0   none ,g         * 
FILE=_Bkey_Set_RepeatTime_Default
                                  00304344  00304353        10
  _Bkey_Set_RepeatTime_Default
                                  00304344         0   none ,g         * 
FILE=_CallbackAtQuitMainFunction
                                  00304354  00304363        10
  _CallbackAtQuitMainFunction
                                  00304354         0   none ,g         * 
FILE=_flsFindClose
                                  00304364  00304373        10
  _flsFindClose
                                  00304364         0   none ,g         * 
FILE=_free
                                  00304374  00304383        10
  _free
                                  00304374         0   none ,g         * 
FILE=_getkey
                                  00304384  00304393        10
  _GetKey
                                  00304384         0   none ,g         * 
FILE=_GLibAddinAplExecutionCheck
                                  00304394  003043a3        10
  _GLibAddinAplExecutionCheck
                                  00304394         0   none ,g         * 
FILE=_Hmem_SetMMU
                                  003043a4  003043b3        10
  _Hmem_SetMMU
                                  003043a4         0   none ,g         * 
FILE=_malloc
                                  003043b4  003043c3        10
  _malloc
                                  003043b4         0   none ,g         * 
FILE=timer
                                  003043c4  003044c3       100
  _GetSDKLibraryVersion
                                  003043c4         6   func ,g         * 
  _SetTimer
                                  003043ca        54   func ,g         * 
  _KillTimer
                                  0030441e        44   func ,g         * 
  _Sleep
                                  00304462        62   func ,g         * 
FILE=memset
                                  003044c4  003044db        18
  _memset
                                  003044c4        18   func ,g         * 
FILE=newhandler
                                  003044dc  003044df         4
  __default_new_handler()
                                  003044dc         4   func ,g         * 
FILE=_Bcre_cychdr
                                  003044e0  003044ef        10
  _Bcre_cychdr
                                  003044e0         0   none ,g         * 
FILE=_BSrl_DummyWAIT
                                  003044f0  003044ff        10
  _BSrl_DummyWAIT
                                  003044f0         0   none ,g         * 
FILE=_Bsta_cychdr
                                  00304500  0030450f        10
  _Bsta_cychdr
                                  00304500         0   none ,g         * 
FILE=_Bstp_cychdr
                                  00304510  0030451f        10
  _Bstp_cychdr
                                  00304510         0   none ,g         * 

SECTION=C
FILE=C:\Users\leofa\OneDrive\Documents\PycharmProjects\Particule-Casio\Particule\lib\Moteur\SDK Graph 75 85 95\Debug\MonochromeLib.obj
                                  00304520  0030452f        10
  _sc0135
                                  00304520        10   data ,g         * 
FILE=C:\Users\leofa\OneDrive\Documents\PycharmProjects\Particule-Casio\Particule\lib\Moteur\SDK Graph 75 85 95\Debug\usefull.obj
                                  00304530  0030455f        30
  _sc003b
                                  00304530        10   data ,g         * 
  _sc0015
                                  00304540        10   data ,g         * 
  _sc0248
                                  00304550        10   data ,g         * 
FILE=addin_sct
                                  00304560  00304573        14
  _B_BGN
                                  00304560         0   none ,g         * 
  _B_END
                                  00304564         0   none ,g         * 
  _R_BGN
                                  00304568         0   none ,g         * 
  _R_END
                                  0030456c         0   none ,g         * 
  _D_ROM
                                  00304570         0   none ,g         * 

SECTION=B_BR_Size
FILE=C:\Users\leofa\OneDrive\Documents\PycharmProjects\Particule-Casio\Particule\lib\Moteur\SDK Graph 75 85 95\Debug\Tutoriel.obj
                                  08100000  08100003         4
  _BR_Size
                                  08100000         4   data ,g         * 

SECTION=B
FILE=_errno
                                  08100004  08100007         4
  __errno
                                  08100004         4   data ,g         * 

SECTION=R
FILE=C:\Users\leofa\OneDrive\Documents\PycharmProjects\Particule-Casio\Particule\lib\Moteur\SDK Graph 75 85 95\Debug\time.obj
                                  08100008  08100017        10
  _SysCallCode
                                  08100008         c   data ,l         * 
  _SysCall
                                  08100014         4   data ,l         * 
FILE=C:\Users\leofa\Applications\CASIO\fx9860 Dev Kit\OS\FX\lib\setup.obj
                                  08100018  0810001b         4
  _gb_OnAppClose
                                  08100018         4   data ,g         * 
FILE=new_cnst
                                  0810001c  0810001f         4
  __ec2p_new_handler
                                  0810001c         4   data ,g         * 
FILE=vars
                                  08100020  08100027         8
  __new_handler
                                  08100020         4   data ,g         * 
  ___head
                                  08100024         4   data ,g         * 

Absolute value symbols
FILE=__divls
  zerodiv
                                  0000044e         0   none ,l         * 
FILE=__modls
  zerodiv
                                  0000044e         0   none ,l         * 
FILE=_Bdel_cychdr
  __JumpTableTOP
                                  80010070         0   none ,l         * 
FILE=_BfileFLS_CloseFile
  __JumpTableTOP
                                  80010070         0   none ,l         * 
FILE=_Bkey_Set_RepeatTime_Default
  __JumpTableTOP
                                  80010070         0   none ,l         * 
FILE=_CallbackAtQuitMainFunction
  __JumpTableTOP
                                  80010070         0   none ,l         * 
FILE=_flsFindClose
  __JumpTableTOP
                                  80010070         0   none ,l         * 
FILE=_free
  __JumpTableTOP
                                  80010070         0   none ,l         * 
FILE=_getkey
  __JumpTableTOP
                                  80010070         0   none ,l         * 
FILE=_GLibAddinAplExecutionCheck
  __JumpTableTOP
                                  80010070         0   none ,l         * 
FILE=_Hmem_SetMMU
  __JumpTableTOP
                                  80010070         0   none ,l         * 
FILE=_malloc
  __JumpTableTOP
                                  80010070         0   none ,l         * 
FILE=_Bcre_cychdr
  __JumpTableTOP
                                  80010070         0   none ,l         * 
FILE=_BSrl_DummyWAIT
  __JumpTableTOP
                                  80010070         0   none ,l         * 
FILE=_Bsta_cychdr
  __JumpTableTOP
                                  80010070         0   none ,l         * 
FILE=_Bstp_cychdr
  __JumpTableTOP
                                  80010070         0   none ,l         * 

*** Delete Symbols ***

SYMBOL                                SIZE    INFO

*** Variable Accessible with Abs8 ***

SYMBOL                                SIZE    COUNTS  OPTIMIZE

*** Variable Accessible with Abs16 ***

SYMBOL                                SIZE    COUNTS  OPTIMIZE

*** Function Call ***

SYMBOL                              COUNTS  OPTIMIZE
