SH SERIES C/C++ Compiler (Ver. 6.0C)                                                                 06-Nov-2021 12:11:58  PAGE    1


******** STATISTICS INFORMATION ********


********** ERROR INFORMATION ***********

NUMBER OF ERRORS:           1
NUMBER OF WARNINGS:        49




******* SOURCE LINE INFORMATION ********

COMPILED SOURCE LINE:      107



******* SECTION SIZE INFORMATION *******

PROGRAM  SECTION (P):                               00000000 Byte(s)
CONSTANT SECTION (C):                               00000000 Byte(s)
DATA     SECTION (D):                               00000000 Byte(s)
BSS      SECTION (B):                               00000000 Byte(s)

 TOTAL PROGRAM SIZE: 00000000 Byte(s)



********** LABEL INFORMATION ***********

NUMBER OF EXTERNAL REFERENCE SYMBOLS:            0
NUMBER OF EXTERNAL DEFINITION SYMBOLS:           0
NUMBER OF INTERNAL/EXTERNAL SYMBOLS:             0






























*** COMMAND PARAMETER ***


  -subcommand=C:\Users\leofa\AppData\Local\Temp\hmk447E.tmp 

